******************************************************************************
             TMS320C2000 Linker PC v16.9.1                     
******************************************************************************
>> Linked Thu Aug 24 19:44:29 2017

OUTPUT FILE NAME:   <F2837x_uart_fifo.out>
ENTRY POINT SYMBOL: "_c_int00"  address: 0000b351


MEMORY CONFIGURATION

         name            origin    length      used     unused   attr    fill
----------------------  --------  ---------  --------  --------  ----  --------
PAGE 0:
  BEGIN                 00000000   00000002  00000000  00000002  RWIX
  RAMM0                 00000122   000002de  000002de  00000000  RWIX
  RAMLS0                00008000   00000800  00000112  000006ee  RWIX
  RAMLS1                00008800   00000800  00000000  00000800  RWIX
  RAMLS2                00009000   00000800  00000000  00000800  RWIX
  RAMLS3                00009800   00000800  00000000  00000800  RWIX
  RAMLS4                0000a000   00000800  00000000  00000800  RWIX
  RAMD0                 0000b000   00000800  00000800  00000000  RWIX
  RESET                 003fffc0   00000002  00000000  00000002  RWIX

PAGE 1:
  BOOT_RSVD             00000002   00000120  00000000  00000120  RWIX
  RAMM1                 00000400   00000400  00000100  00000300  RWIX
  RAMLS5                0000a800   00000800  00000319  000004e7  RWIX
  RAMD1                 0000b800   00000800  00000000  00000800  RWIX
  RAMGS0                0000c000   00001000  00000000  00001000  RWIX
  RAMGS1                0000d000   00001000  00000000  00001000  RWIX
  RAMGS2                0000e000   00001000  00000000  00001000  RWIX
  RAMGS3                0000f000   00001000  00000000  00001000  RWIX
  RAMGS4                00010000   00001000  00000000  00001000  RWIX
  RAMGS5                00011000   00001000  00000000  00001000  RWIX
  RAMGS6                00012000   00001000  00000000  00001000  RWIX
  RAMGS7                00013000   00001000  00000000  00001000  RWIX
  RAMGS8                00014000   00001000  00000000  00001000  RWIX
  RAMGS9                00015000   00001000  00000000  00001000  RWIX
  RAMGS10               00016000   00001000  00000000  00001000  RWIX
  RAMGS11               00017000   00001000  00000000  00001000  RWIX
  RAMGS12               00018000   00001000  00000000  00001000  RWIX
  RAMGS13               00019000   00001000  00000000  00001000  RWIX
  RAMGS14               0001a000   00001000  00000000  00001000  RWIX
  RAMGS15               0001b000   00001000  00000000  00001000  RWIX
  CPU2TOCPU1RAM         0003f800   00000400  00000000  00000400  RWIX
  CPU1TOCPU2RAM         0003fc00   00000400  00000000  00000400  RWIX
  CANA_MSG_RAM          00049000   00000800  00000000  00000800  RWIX
  CANB_MSG_RAM          0004b000   00000800  00000000  00000800  RWIX


SECTION ALLOCATION MAP

 output                                  attributes/
section   page    origin      length       input sections
--------  ----  ----------  ----------   ----------------
.cinit     0    00000122    0000001a     
                  00000122    0000000e     rts2800_fpu32.lib : exit.obj (.cinit)
                  00000130    00000005                       : _lock.obj (.cinit:__lock)
                  00000135    00000005                       : _lock.obj (.cinit:__unlock)
                  0000013a    00000002     --HOLE-- [fill = 0]

.pinit     0    00000122    00000000     UNINITIALIZED

.reset     0    003fffc0    00000002     DSECT
                  003fffc0    00000002     rts2800_fpu32.lib : boot28.obj (.reset)

.TI.ramfunc 
*          0    0000013c    00000004     
                  0000013c    00000004     driverlib.lib : sysctl.obj (.TI.ramfunc)

.text.1    0    00000140    000002c0     
                  00000140    000001e0     main.obj (.text)
                  00000320    000000ba     driverlib.lib : sysctl.obj (.text:_SysCtl_setClock)
                  000003da    00000024     rts2800_fpu32.lib : cpy_tbl.obj (.text)
                  000003fe    00000002     driverlib.lib : interrupt.obj (.text:_Interrupt_illegalOperationHandler)

.text.2    0    00008000    00000112     
                  00008000    0000001b     driverlib.lib : sci.obj (.text:_SCI_isSpaceAvailableNonFIFO)
                  0000801b    0000001a                   : sysctl.obj (.text:_SysCtl_getLowSpeedClock)
                  00008035    00000019                   : sci.obj (.text:_SCI_disableModule)
                  0000804e    00000019                   : sci.obj (.text:_SCI_performSoftwareReset)
                  00008067    00000019     rts2800_fpu32.lib : args_main.obj (.text)
                  00008080    00000015     driverlib.lib : sci.obj (.text:_SCI_getRxFIFOStatus)
                  00008095    00000015                   : sci.obj (.text:_SCI_getTxFIFOStatus)
                  000080aa    00000014                   : sci.obj (.text:_SCI_enableModule)
                  000080be    0000000e                   : gpio.obj (.text:_GPIO_isPinValid)
                  000080cc    0000000e                   : interrupt.obj (.text:_Interrupt_defaultHandler)
                  000080da    0000000d                   : interrupt.obj (.text:_Interrupt_disableMaster)
                  000080e7    0000000d                   : interrupt.obj (.text:_Interrupt_enableMaster)
                  000080f4    0000000b                   : sysctl.obj (.text:_SysCtl_isMCDClockFailureDetected)
                  000080ff    00000009                   : sysctl.obj (.text:_SysCtl_serviceWatchdog)
                  00008108    00000009     rts2800_fpu32.lib : _lock.obj (.text)
                  00008111    00000001                       : startup.obj (.text)

.text.3    0    0000b000    00000800     
                  0000b000    000001d8     device.obj (.text)
                  0000b1d8    00000086     main.obj (.text:retain)
                  0000b25e    00000085     driverlib.lib : interrupt.obj (.text:_Interrupt_clearIFR)
                  0000b2e3    0000006e                   : sysctl.obj (.text:_SysCtl_getClock)
                  0000b351    00000056     rts2800_fpu32.lib : boot28.obj (.text)
                  0000b3a7    00000054     driverlib.lib : interrupt.obj (.text:_Interrupt_initModule)
                  0000b3fb    00000052                   : gpio.obj (.text:_GPIO_setPadConfig)
                  0000b44d    0000004d                   : sysctl.obj (.text:_SysCtl_selectOscSource)
                  0000b49a    0000004a                   : interrupt.obj (.text:_Interrupt_disable)
                  0000b4e4    00000046                   : sci.obj (.text:_SCI_clearInterruptStatus)
                  0000b52a    00000044                   : sci.obj (.text:_SCI_enableInterrupt)
                  0000b56e    00000041                   : sci.obj (.text:_SCI_writeCharArray)
                  0000b5af    00000040                   : sci.obj (.text:_SCI_setConfig)
                  0000b5ef    0000003d                   : gpio.obj (.text:_GPIO_setPinConfig)
                  0000b62c    0000003b                   : sci.obj (.text:_SCI_readCharArray)
                  0000b667    00000038                   : gpio.obj (.text:_GPIO_setMasterCore)
                  0000b69f    00000036                   : gpio.obj (.text:_GPIO_setQualificationMode)
                  0000b6d5    00000033                   : interrupt.obj (.text:_Interrupt_enable)
                  0000b708    00000031                   : gpio.obj (.text:_GPIO_setDirectionMode)
                  0000b739    00000029     rts2800_fpu32.lib : exit.obj (.text)
                  0000b762    00000022     driverlib.lib : sci.obj (.text:_SCI_isFIFOEnabled)
                  0000b784    00000020                   : interrupt.obj (.text:_Interrupt_initVectorTable)
                  0000b7a4    0000001f                   : sci.obj (.text:_SCI_isBaseValid)
                  0000b7c3    0000001e     rts2800_fpu32.lib : memcpy.obj (.text)
                  0000b7e1    0000001b     driverlib.lib : sci.obj (.text:_SCI_isDataAvailableNonFIFO)
                  0000b7fc    00000002                   : interrupt.obj (.text:_Interrupt_nmiHandler)
                  0000b7fe    00000002     rts2800_fpu32.lib : pre_init.obj (.text)

.stack     1    00000400    00000100     UNINITIALIZED
                  00000400    00000100     --HOLE--

.econst    1    0000a800    0000030b     
                  0000a800    000000c8     driverlib.lib : gpio.obj (.econst:.string)
                  0000a8c8    000000c7                   : sci.obj (.econst:.string)
                  0000a98f    00000001     --HOLE-- [fill = 0]
                  0000a990    00000097     main.obj (.econst:.string)
                  0000aa27    00000001     --HOLE-- [fill = 0]
                  0000aa28    00000069     driverlib.lib : interrupt.obj (.econst:.string)
                  0000aa91    00000001     --HOLE-- [fill = 0]
                  0000aa92    00000066                   : sysctl.obj (.econst:.string)
                  0000aaf8    00000013     device.obj (.econst:.string)

.ebss      1    0000ab0c    0000000e     UNINITIALIZED
                  0000ab0c    00000006     rts2800_fpu32.lib : exit.obj (.ebss)
                  0000ab12    00000003     main.obj (.ebss)
                  0000ab15    00000001     --HOLE--
                  0000ab16    00000002     rts2800_fpu32.lib : _lock.obj (.ebss:__lock)
                  0000ab18    00000002                       : _lock.obj (.ebss:__unlock)

GETBUFFER 
*          0    0003f800    00000000     DSECT

GETWRITEIDX 
*          0    0003f800    00000000     DSECT

PUTREADIDX 
*          0    0003f800    00000000     DSECT

MODULE SUMMARY

       Module          code   initialized data   uninitialized data
       ------          ----   ----------------   ------------------
    .\
       main.obj        614    151                3                 
    +--+---------------+------+------------------+--------------------+
       Total:          614    151                3                 
                                                                   
    .\device\
       device.obj      472    19                 0                 
    +--+---------------+------+------------------+--------------------+
       Total:          472    19                 0                 
                                                                   
    ../driverlib.lib
       sci.obj         557    199                0                 
       sysctl.obj      423    102                0                 
       interrupt.obj   418    105                0                 
       gpio.obj        316    200                0                 
    +--+---------------+------+------------------+--------------------+
       Total:          1714   606                0                 
                                                                   
    D:\Christian\Programme\ti\ccsv7\tools\compiler\ti-cgt-c2000_16.9.1.LTS\lib\rts2800_fpu32.lib
       boot28.obj      86     0                  0                 
       exit.obj        41     14                 6                 
       cpy_tbl.obj     36     0                  0                 
       memcpy.obj      30     0                  0                 
       args_main.obj   25     0                  0                 
       _lock.obj       9      10                 4                 
       pre_init.obj    2      0                  0                 
       startup.obj     1      0                  0                 
    +--+---------------+------+------------------+--------------------+
       Total:          230    24                 10                
                                                                   
       Stack:          0      0                  256               
    +--+---------------+------+------------------+--------------------+
       Grand Total:    3030   800                269               


GLOBAL DATA SYMBOLS: SORTED BY DATA PAGE

address     data page           name
--------    ----------------    ----
00000400      10 (00000400)     __stack

0000ab0c     2ac (0000ab00)     ___TI_enable_exit_profile_output
0000ab0e     2ac (0000ab00)     ___TI_cleanup_ptr
0000ab10     2ac (0000ab00)     ___TI_dtors_ptr
0000ab12     2ac (0000ab00)     _rFlag
0000ab13     2ac (0000ab00)     _rDataA
0000ab16     2ac (0000ab00)     __lock
0000ab18     2ac (0000ab00)     __unlock


GLOBAL SYMBOLS: SORTED ALPHABETICALLY BY Name 

page  address   name                                      
----  -------   ----                                      
abs   ffffffff  .text                                     
0     0000b739  C$$EXIT                                   
0     0000b071  _Device_enableAllPeripherals              
0     0000b1bb  _Device_enableUnbondedGPIOPullups         
0     0000b198  _Device_enableUnbondedGPIOPullupsFor100Pin
0     0000b181  _Device_enableUnbondedGPIOPullupsFor176Pin
0     0000b042  _Device_init                              
0     0000b160  _Device_initGPIO                          
0     0000b708  _GPIO_setDirectionMode                    
0     0000b667  _GPIO_setMasterCore                       
0     0000b3fb  _GPIO_setPadConfig                        
0     0000b5ef  _GPIO_setPinConfig                        
0     0000b69f  _GPIO_setQualificationMode                
0     0000b49a  _Interrupt_disable                        
0     0000b6d5  _Interrupt_enable                         
0     0000b3a7  _Interrupt_initModule                     
0     0000b784  _Interrupt_initVectorTable                
0     0000b4e4  _SCI_clearInterruptStatus                 
0     0000b52a  _SCI_enableInterrupt                      
0     0000b62c  _SCI_readCharArray                        
0     0000b5af  _SCI_setConfig                            
0     0000b56e  _SCI_writeCharArray                       
0     0000013c  _SysCtl_delay                             
0     0000b2e3  _SysCtl_getClock                          
0     0000801b  _SysCtl_getLowSpeedClock                  
0     0000b44d  _SysCtl_selectOscSource                   
0     00000320  _SysCtl_setClock                          
1     00000500  __STACK_END                               
abs   00000100  __STACK_SIZE                              
1     0000ab0e  ___TI_cleanup_ptr                         
1     0000ab10  ___TI_dtors_ptr                           
1     0000ab0c  ___TI_enable_exit_profile_output          
abs   ffffffff  ___TI_pprof_out_hndl                      
abs   ffffffff  ___TI_prof_data_size                      
abs   ffffffff  ___TI_prof_data_start                     
abs   ffffffff  ___binit__                                
abs   ffffffff  ___c_args__                               
0     00000122  ___cinit__                                
0     0000b1d1  ___error__                                
abs   ffffffff  ___etext__                                
abs   ffffffff  ___pinit__                                
abs   ffffffff  ___text__                                 
0     00008067  __args_main                               
1     0000ab16  __lock                                    
0     00008110  __nop                                     
0     0000810c  __register_lock                           
0     00008108  __register_unlock                         
1     00000400  __stack                                   
0     00008111  __system_post_cinit                       
0     0000b7fe  __system_pre_init                         
1     0000ab18  __unlock                                  
0     0000b739  _abort                                    
0     0000b351  _c_int00                                  
0     000003da  _copy_in                                  
0     0000b73b  _exit                                     
0     000002a2  _gpiosInit                                
0     00000255  _main                                     
0     0000b7c3  _memcpy                                   
1     0000ab13  _rDataA                                   
1     0000ab12  _rFlag                                    
0     0000b215  _sciaRXFIFOISR                            
0     0000b1d8  _sciaTXFIFOISR                            
0     00000276  _systemInit                               
0     000002d1  _uartInit                                 
abs   ffffffff  binit                                     
0     00000122  cinit                                     
abs   ffffffff  etext                                     
abs   ffffffff  pinit                                     


GLOBAL SYMBOLS: SORTED BY Symbol Address 

page  address   name                                      
----  -------   ----                                      
0     00000122  ___cinit__                                
0     00000122  cinit                                     
0     0000013c  _SysCtl_delay                             
0     00000255  _main                                     
0     00000276  _systemInit                               
0     000002a2  _gpiosInit                                
0     000002d1  _uartInit                                 
0     00000320  _SysCtl_setClock                          
0     000003da  _copy_in                                  
0     0000801b  _SysCtl_getLowSpeedClock                  
0     00008067  __args_main                               
0     00008108  __register_unlock                         
0     0000810c  __register_lock                           
0     00008110  __nop                                     
0     00008111  __system_post_cinit                       
0     0000b042  _Device_init                              
0     0000b071  _Device_enableAllPeripherals              
0     0000b160  _Device_initGPIO                          
0     0000b181  _Device_enableUnbondedGPIOPullupsFor176Pin
0     0000b198  _Device_enableUnbondedGPIOPullupsFor100Pin
0     0000b1bb  _Device_enableUnbondedGPIOPullups         
0     0000b1d1  ___error__                                
0     0000b1d8  _sciaTXFIFOISR                            
0     0000b215  _sciaRXFIFOISR                            
0     0000b2e3  _SysCtl_getClock                          
0     0000b351  _c_int00                                  
0     0000b3a7  _Interrupt_initModule                     
0     0000b3fb  _GPIO_setPadConfig                        
0     0000b44d  _SysCtl_selectOscSource                   
0     0000b49a  _Interrupt_disable                        
0     0000b4e4  _SCI_clearInterruptStatus                 
0     0000b52a  _SCI_enableInterrupt                      
0     0000b56e  _SCI_writeCharArray                       
0     0000b5af  _SCI_setConfig                            
0     0000b5ef  _GPIO_setPinConfig                        
0     0000b62c  _SCI_readCharArray                        
0     0000b667  _GPIO_setMasterCore                       
0     0000b69f  _GPIO_setQualificationMode                
0     0000b6d5  _Interrupt_enable                         
0     0000b708  _GPIO_setDirectionMode                    
0     0000b739  C$$EXIT                                   
0     0000b739  _abort                                    
0     0000b73b  _exit                                     
0     0000b784  _Interrupt_initVectorTable                
0     0000b7c3  _memcpy                                   
0     0000b7fe  __system_pre_init                         
1     00000400  __stack                                   
1     00000500  __STACK_END                               
1     0000ab0c  ___TI_enable_exit_profile_output          
1     0000ab0e  ___TI_cleanup_ptr                         
1     0000ab10  ___TI_dtors_ptr                           
1     0000ab12  _rFlag                                    
1     0000ab13  _rDataA                                   
1     0000ab16  __lock                                    
1     0000ab18  __unlock                                  
abs   00000100  __STACK_SIZE                              
abs   ffffffff  .text                                     
abs   ffffffff  ___TI_pprof_out_hndl                      
abs   ffffffff  ___TI_prof_data_size                      
abs   ffffffff  ___TI_prof_data_start                     
abs   ffffffff  ___binit__                                
abs   ffffffff  ___c_args__                               
abs   ffffffff  ___etext__                                
abs   ffffffff  ___pinit__                                
abs   ffffffff  ___text__                                 
abs   ffffffff  binit                                     
abs   ffffffff  etext                                     
abs   ffffffff  pinit                                     

[68 symbols]
