******************************************************************************
             TMS320C2000 Linker PC v16.9.1                     
******************************************************************************
>> Linked Tue Sep 26 21:13:10 2017

OUTPUT FILE NAME:   <F2837x_uart_fifo.out>
ENTRY POINT SYMBOL: "_c_int00"  address: 0000b31c


MEMORY CONFIGURATION

         name            origin    length      used     unused   attr    fill
----------------------  --------  ---------  --------  --------  ----  --------
PAGE 0:
  BEGIN                 00000000   00000002  00000000  00000002  RWIX
  RAMM0                 00000122   000002de  000002de  00000000  RWIX
  RAMLS0                00008000   00000800  00000000  00000800  RWIX
  RAMLS1                00008800   00000800  00000000  00000800  RWIX
  RAMLS2                00009000   00000800  00000000  00000800  RWIX
  RAMLS3                00009800   00000800  00000000  00000800  RWIX
  RAMLS4                0000a000   00000800  00000000  00000800  RWIX
  RAMD0                 0000b000   00000800  00000722  000000de  RWIX
  RESET                 003fffc0   00000002  00000000  00000002  RWIX

PAGE 1:
  BOOT_RSVD             00000002   00000120  00000000  00000120  RWIX
  RAMM1                 00000400   00000400  00000100  00000300  RWIX
  RAMLS5                0000a800   00000800  0000030f  000004f1  RWIX
  RAMD1                 0000b800   00000800  00000000  00000800  RWIX
  RAMGS0                0000c000   00001000  00000000  00001000  RWIX
  RAMGS1                0000d000   00001000  00000000  00001000  RWIX
  RAMGS2                0000e000   00001000  00000000  00001000  RWIX
  RAMGS3                0000f000   00001000  00000000  00001000  RWIX
  RAMGS4                00010000   00001000  00000000  00001000  RWIX
  RAMGS5                00011000   00001000  00000000  00001000  RWIX
  RAMGS6                00012000   00001000  00000000  00001000  RWIX
  RAMGS7                00013000   00001000  00000000  00001000  RWIX
  RAMGS8                00014000   00001000  00000000  00001000  RWIX
  RAMGS9                00015000   00001000  00000000  00001000  RWIX
  RAMGS10               00016000   00001000  00000000  00001000  RWIX
  RAMGS11               00017000   00001000  00000000  00001000  RWIX
  RAMGS12               00018000   00001000  00000000  00001000  RWIX
  RAMGS13               00019000   00001000  00000000  00001000  RWIX
  RAMGS14               0001a000   00001000  00000000  00001000  RWIX
  RAMGS15               0001b000   00001000  00000000  00001000  RWIX
  CPU2TOCPU1RAM         0003f800   00000400  00000000  00000400  RWIX
  CPU1TOCPU2RAM         0003fc00   00000400  00000000  00000400  RWIX
  CANA_MSG_RAM          00049000   00000800  00000000  00000800  RWIX
  CANB_MSG_RAM          0004b000   00000800  00000000  00000800  RWIX


SECTION ALLOCATION MAP

 output                                  attributes/
section   page    origin      length       input sections
--------  ----  ----------  ----------   ----------------
.cinit     0    00000122    0000001a     
                  00000122    0000000e     rts2800_fpu32.lib : exit.obj (.cinit)
                  00000130    00000005                       : _lock.obj (.cinit:__lock)
                  00000135    00000005                       : _lock.obj (.cinit:__unlock)
                  0000013a    00000002     --HOLE-- [fill = 0]

.pinit     0    00000122    00000000     UNINITIALIZED

.reset     0    003fffc0    00000002     DSECT
                  003fffc0    00000002     rts2800_fpu32.lib : boot28.obj (.reset)

.TI.ramfunc 
*          0    0000013c    00000004     
                  0000013c    00000004     driverlib.lib : sysctl.obj (.TI.ramfunc)

.text.1    0    00000140    000002c0     
                  00000140    000001f1     UART.obj (.text)
                  00000331    000000ba     driverlib.lib : sysctl.obj (.text:_SysCtl_setClock)
                  000003eb    00000014                   : sci.obj (.text:_SCI_enableModule)
                  000003ff    00000001     rts2800_fpu32.lib : startup.obj (.text)

.text.2    0    0000b000    00000722     
                  0000b000    000001d8     device.obj (.text)
                  0000b1d8    00000070     UART.obj (.text:retain)
                  0000b248    0000006e     driverlib.lib : sysctl.obj (.text:_SysCtl_getClock)
                  0000b2b6    00000066     main.obj (.text)
                  0000b31c    00000056     rts2800_fpu32.lib : boot28.obj (.text)
                  0000b372    00000054     driverlib.lib : interrupt.obj (.text:_Interrupt_initModule)
                  0000b3c6    00000052                   : gpio.obj (.text:_GPIO_setPadConfig)
                  0000b418    0000004d                   : sysctl.obj (.text:_SysCtl_selectOscSource)
                  0000b465    00000046                   : sci.obj (.text:_SCI_clearInterruptStatus)
                  0000b4ab    00000040                   : sci.obj (.text:_SCI_setConfig)
                  0000b4eb    0000003d                   : gpio.obj (.text:_GPIO_setPinConfig)
                  0000b528    00000038                   : gpio.obj (.text:_GPIO_setMasterCore)
                  0000b560    00000036                   : gpio.obj (.text:_GPIO_setQualificationMode)
                  0000b596    00000031                   : gpio.obj (.text:_GPIO_setDirectionMode)
                  0000b5c7    00000029     rts2800_fpu32.lib : exit.obj (.text)
                  0000b5f0    00000024                       : cpy_tbl.obj (.text)
                  0000b614    00000020     driverlib.lib : interrupt.obj (.text:_Interrupt_initVectorTable)
                  0000b634    0000001f                   : sci.obj (.text:_SCI_isBaseValid)
                  0000b653    0000001e     rts2800_fpu32.lib : memcpy.obj (.text)
                  0000b671    0000001a     driverlib.lib : sysctl.obj (.text:_SysCtl_getLowSpeedClock)
                  0000b68b    00000019                   : sci.obj (.text:_SCI_disableModule)
                  0000b6a4    00000019                   : sci.obj (.text:_SCI_performSoftwareReset)
                  0000b6bd    00000019     rts2800_fpu32.lib : args_main.obj (.text)
                  0000b6d6    0000000e     driverlib.lib : gpio.obj (.text:_GPIO_isPinValid)
                  0000b6e4    0000000e                   : interrupt.obj (.text:_Interrupt_defaultHandler)
                  0000b6f2    0000000d                   : interrupt.obj (.text:_Interrupt_disableMaster)
                  0000b6ff    0000000b                   : sysctl.obj (.text:_SysCtl_isMCDClockFailureDetected)
                  0000b70a    00000009                   : sysctl.obj (.text:_SysCtl_serviceWatchdog)
                  0000b713    00000009     rts2800_fpu32.lib : _lock.obj (.text)
                  0000b71c    00000002     driverlib.lib : interrupt.obj (.text:_Interrupt_illegalOperationHandler)
                  0000b71e    00000002                   : interrupt.obj (.text:_Interrupt_nmiHandler)
                  0000b720    00000002     rts2800_fpu32.lib : pre_init.obj (.text)

.stack     1    00000400    00000100     UNINITIALIZED
                  00000400    00000100     --HOLE--

.econst    1    0000a800    00000305     
                  0000a800    000000c8     driverlib.lib : gpio.obj (.econst:.string)
                  0000a8c8    000000c7                   : sci.obj (.econst:.string)
                  0000a98f    00000001     --HOLE-- [fill = 0]
                  0000a990    00000069                   : interrupt.obj (.econst:.string)
                  0000a9f9    00000001     --HOLE-- [fill = 0]
                  0000a9fa    00000066                   : sysctl.obj (.econst:.string)
                  0000aa60    00000057     UART.obj (.econst:.string)
                  0000aab7    00000001     --HOLE-- [fill = 0]
                  0000aab8    00000039     main.obj (.econst:.string)
                  0000aaf1    00000001     --HOLE-- [fill = 0]
                  0000aaf2    00000013     device.obj (.econst:.string)

.ebss      1    0000ab06    0000000a     UNINITIALIZED
                  0000ab06    00000006     rts2800_fpu32.lib : exit.obj (.ebss)
                  0000ab0c    00000002                       : _lock.obj (.ebss:__lock)
                  0000ab0e    00000002                       : _lock.obj (.ebss:__unlock)

GETBUFFER 
*          0    0003f800    00000000     DSECT

GETWRITEIDX 
*          0    0003f800    00000000     DSECT

PUTREADIDX 
*          0    0003f800    00000000     DSECT

MODULE SUMMARY

       Module          code   initialized data   uninitialized data
       ------          ----   ----------------   ------------------
    .\
       UART.obj        609    87                 0                 
       main.obj        102    57                 0                 
    +--+---------------+------+------------------+--------------------+
       Total:          711    144                0                 
                                                                   
    .\device\
       device.obj      472    19                 0                 
    +--+---------------+------+------------------+--------------------+
       Total:          472    19                 0                 
                                                                   
    ../driverlib.lib
       sysctl.obj      423    102                0                 
       gpio.obj        316    200                0                 
       sci.obj         235    199                0                 
       interrupt.obj   147    105                0                 
    +--+---------------+------+------------------+--------------------+
       Total:          1121   606                0                 
                                                                   
    D:\Christian\Programme\ti\ccsv7\tools\compiler\ti-cgt-c2000_16.9.1.LTS\lib\rts2800_fpu32.lib
       boot28.obj      86     0                  0                 
       exit.obj        41     14                 6                 
       cpy_tbl.obj     36     0                  0                 
       memcpy.obj      30     0                  0                 
       args_main.obj   25     0                  0                 
       _lock.obj       9      10                 4                 
       pre_init.obj    2      0                  0                 
       startup.obj     1      0                  0                 
    +--+---------------+------+------------------+--------------------+
       Total:          230    24                 10                
                                                                   
       Stack:          0      0                  256               
    +--+---------------+------+------------------+--------------------+
       Grand Total:    2534   793                266               


GLOBAL DATA SYMBOLS: SORTED BY DATA PAGE

address     data page           name
--------    ----------------    ----
00000400      10 (00000400)     __stack

0000ab06     2ac (0000ab00)     ___TI_enable_exit_profile_output
0000ab08     2ac (0000ab00)     ___TI_cleanup_ptr
0000ab0a     2ac (0000ab00)     ___TI_dtors_ptr
0000ab0c     2ac (0000ab00)     __lock
0000ab0e     2ac (0000ab00)     __unlock


GLOBAL SYMBOLS: SORTED ALPHABETICALLY BY Name 

page  address   name                                      
----  -------   ----                                      
abs   ffffffff  .text                                     
0     0000b5c7  C$$EXIT                                   
0     0000b071  _Device_enableAllPeripherals              
0     0000b1bb  _Device_enableUnbondedGPIOPullups         
0     0000b198  _Device_enableUnbondedGPIOPullupsFor100Pin
0     0000b181  _Device_enableUnbondedGPIOPullupsFor176Pin
0     0000b042  _Device_init                              
0     0000b160  _Device_initGPIO                          
0     0000b596  _GPIO_setDirectionMode                    
0     0000b528  _GPIO_setMasterCore                       
0     0000b3c6  _GPIO_setPadConfig                        
0     0000b4eb  _GPIO_setPinConfig                        
0     0000b560  _GPIO_setQualificationMode                
0     0000b372  _Interrupt_initModule                     
0     0000b614  _Interrupt_initVectorTable                
0     0000b465  _SCI_clearInterruptStatus                 
0     0000b4ab  _SCI_setConfig                            
0     0000013c  _SysCtl_delay                             
0     0000b248  _SysCtl_getClock                          
0     0000b671  _SysCtl_getLowSpeedClock                  
0     0000b418  _SysCtl_selectOscSource                   
0     00000331  _SysCtl_setClock                          
1     00000500  __STACK_END                               
abs   00000100  __STACK_SIZE                              
1     0000ab08  ___TI_cleanup_ptr                         
1     0000ab0a  ___TI_dtors_ptr                           
1     0000ab06  ___TI_enable_exit_profile_output          
abs   ffffffff  ___TI_pprof_out_hndl                      
abs   ffffffff  ___TI_prof_data_size                      
abs   ffffffff  ___TI_prof_data_start                     
abs   ffffffff  ___binit__                                
abs   ffffffff  ___c_args__                               
0     00000122  ___cinit__                                
0     0000b1d1  ___error__                                
abs   ffffffff  ___etext__                                
abs   ffffffff  ___pinit__                                
abs   ffffffff  ___text__                                 
0     0000b6bd  __args_main                               
1     0000ab0c  __lock                                    
0     0000b71b  __nop                                     
0     0000b717  __register_lock                           
0     0000b713  __register_unlock                         
1     00000400  __stack                                   
0     000003ff  __system_post_cinit                       
0     0000b720  __system_pre_init                         
1     0000ab0e  __unlock                                  
0     0000b5c7  _abort                                    
0     0000b31c  _c_int00                                  
0     0000b5f0  _copy_in                                  
0     0000b5c9  _exit                                     
0     0000b2ed  _gpiosInit                                
0     0000b2b6  _main                                     
0     0000b653  _memcpy                                   
0     0000b210  _sciaRxISR                                
0     0000b1d8  _sciaTxISR                                
0     0000b2dd  _systemInit                               
0     000002bc  _uartInChar                               
0     000002f5  _uartInDec                                
0     000002c5  _uartInString                             
0     00000251  _uartInit                                 
0     0000028b  _uartOutCRLF                              
0     00000281  _uartOutChar                              
0     000002a0  _uartOutDec                               
0     00000292  _uartOutString                            
abs   ffffffff  binit                                     
0     00000122  cinit                                     
abs   ffffffff  etext                                     
abs   ffffffff  pinit                                     


GLOBAL SYMBOLS: SORTED BY Symbol Address 

page  address   name                                      
----  -------   ----                                      
0     00000122  ___cinit__                                
0     00000122  cinit                                     
0     0000013c  _SysCtl_delay                             
0     00000251  _uartInit                                 
0     00000281  _uartOutChar                              
0     0000028b  _uartOutCRLF                              
0     00000292  _uartOutString                            
0     000002a0  _uartOutDec                               
0     000002bc  _uartInChar                               
0     000002c5  _uartInString                             
0     000002f5  _uartInDec                                
0     00000331  _SysCtl_setClock                          
0     000003ff  __system_post_cinit                       
0     0000b042  _Device_init                              
0     0000b071  _Device_enableAllPeripherals              
0     0000b160  _Device_initGPIO                          
0     0000b181  _Device_enableUnbondedGPIOPullupsFor176Pin
0     0000b198  _Device_enableUnbondedGPIOPullupsFor100Pin
0     0000b1bb  _Device_enableUnbondedGPIOPullups         
0     0000b1d1  ___error__                                
0     0000b1d8  _sciaTxISR                                
0     0000b210  _sciaRxISR                                
0     0000b248  _SysCtl_getClock                          
0     0000b2b6  _main                                     
0     0000b2dd  _systemInit                               
0     0000b2ed  _gpiosInit                                
0     0000b31c  _c_int00                                  
0     0000b372  _Interrupt_initModule                     
0     0000b3c6  _GPIO_setPadConfig                        
0     0000b418  _SysCtl_selectOscSource                   
0     0000b465  _SCI_clearInterruptStatus                 
0     0000b4ab  _SCI_setConfig                            
0     0000b4eb  _GPIO_setPinConfig                        
0     0000b528  _GPIO_setMasterCore                       
0     0000b560  _GPIO_setQualificationMode                
0     0000b596  _GPIO_setDirectionMode                    
0     0000b5c7  C$$EXIT                                   
0     0000b5c7  _abort                                    
0     0000b5c9  _exit                                     
0     0000b5f0  _copy_in                                  
0     0000b614  _Interrupt_initVectorTable                
0     0000b653  _memcpy                                   
0     0000b671  _SysCtl_getLowSpeedClock                  
0     0000b6bd  __args_main                               
0     0000b713  __register_unlock                         
0     0000b717  __register_lock                           
0     0000b71b  __nop                                     
0     0000b720  __system_pre_init                         
1     00000400  __stack                                   
1     00000500  __STACK_END                               
1     0000ab06  ___TI_enable_exit_profile_output          
1     0000ab08  ___TI_cleanup_ptr                         
1     0000ab0a  ___TI_dtors_ptr                           
1     0000ab0c  __lock                                    
1     0000ab0e  __unlock                                  
abs   00000100  __STACK_SIZE                              
abs   ffffffff  .text                                     
abs   ffffffff  ___TI_pprof_out_hndl                      
abs   ffffffff  ___TI_prof_data_size                      
abs   ffffffff  ___TI_prof_data_start                     
abs   ffffffff  ___binit__                                
abs   ffffffff  ___c_args__                               
abs   ffffffff  ___etext__                                
abs   ffffffff  ___pinit__                                
abs   ffffffff  ___text__                                 
abs   ffffffff  binit                                     
abs   ffffffff  etext                                     
abs   ffffffff  pinit                                     

[68 symbols]
