 MFunction_sfun

 Timestamp is 59c944b1 (Mon Sep 25 20:02:25 2017)

 Preferred load address is 0000000180000000

 Start         Length     Name                   Class
 0001:00000000 00036cdcH .text                   CODE
 0001:00036ce0 0000005eH .text$00                CODE
 0001:00036d40 00000091H .text$x                 CODE
 0002:00000000 00000428H .idata$5                DATA
 0002:00000428 00000008H .CRT$XCA                DATA
 0002:00000430 00000008H .CRT$XCZ                DATA
 0002:00000438 00000008H .CRT$XIA                DATA
 0002:00000440 00000008H .CRT$XIAA               DATA
 0002:00000448 00000008H .CRT$XIZ                DATA
 0002:00000450 0000450cH .rdata                  DATA
 0002:00004960 00000008H .rtc$IAA                DATA
 0002:00004968 00000008H .rtc$IZZ                DATA
 0002:00004970 00000008H .rtc$TAA                DATA
 0002:00004978 00000008H .rtc$TZZ                DATA
 0002:00004980 00004284H .xdata                  DATA
 0002:00008c04 0000008cH .idata$2                DATA
 0002:00008c90 00000014H .idata$3                DATA
 0002:00008ca8 00000428H .idata$4                DATA
 0002:000090d0 00000946H .idata$6                DATA
 0002:00009a20 00000054H .edata                  DATA
 0003:00000000 000018e8H .data                   DATA
 0003:00001900 00002678H .bss                    DATA
 0004:00000000 00003168H .pdata                  DATA

  Address         Publics by Value              Rva+Base               Lib:Object

 0000:00000000       ___safe_se_handler_count   0000000000000000     <absolute>
 0000:00000000       ___safe_se_handler_table   0000000000000000     <absolute>
 0000:00000000       __ImageBase                0000000180000000     <linker-defined>
 0001:00000000       sf_c2_MFunction_get_eml_resolved_functions_info 0000000180001000 f   c2_MFunction.obj
 0001:00000910       sf_c2_MFunction_get_check_sum 0000000180001910 f   c2_MFunction.obj
 0001:00000990       sf_c2_MFunction_get_autoinheritance_info 0000000180001990 f   c2_MFunction.obj
 0001:00000de0       c2_MFunction_method_dispatcher 0000000180001de0 f   c2_MFunction.obj
 0001:000028b0       sf_process_check_sum_call  00000001800038b0 f   MFunction_sfun_registry.obj
 0001:00002900       sf_process_autoinheritance_call 0000000180003900 f   MFunction_sfun_registry.obj
 0001:00002950       sf_process_get_eml_resolved_functions_info_call 0000000180003950 f   MFunction_sfun_registry.obj
 0001:00002ad0       sf_mex_unlock_call         0000000180003ad0 f   MFunction_sfun_registry.obj
 0001:00002b80       sf_machine_global_initializer_called 0000000180003b80 f   MFunction_sfun_registry.obj
 0001:00002bb0       sf_machine_global_method_dispatcher 0000000180003bb0 f   MFunction_sfun_registry.obj
 0001:00002c10       sf_machine_global_terminator 0000000180003c10 f   MFunction_sfun_registry.obj
 0001:00002c50       sf_register_machine_exported_symbols 0000000180003c50 f   MFunction_sfun_registry.obj
 0001:00002c70       callCustomFcn              0000000180003c70 f   MFunction_sfun_registry.obj
 0001:00002c80       sf_machine_global_initializer 0000000180003c80 f   MFunction_sfun_registry.obj
 0001:00002cf0       _ssSetInputPortMatrixDimensions 0000000180003cf0 f   MFunction_sfun_registry.obj
 0001:00002e00       _ssSetOutputPortMatrixDimensions 0000000180003e00 f   MFunction_sfun_registry.obj
 0001:00002f10       _ssSetInputPortVectorDimension 0000000180003f10 f   MFunction_sfun_registry.obj
 0001:00002fd0       _ssSetOutputPortVectorDimension 0000000180003fd0 f   MFunction_sfun_registry.obj
 0001:00003090       ssIsRunTimeParamTunable    0000000180004090 f   MFunction_sfun_registry.obj
 0001:00003100       ssGetSFuncBlockHandle      0000000180004100 f   MFunction_sfun_registry.obj
 0001:00003170       _ssGetCurrentInputPortWidth 0000000180004170 f   MFunction_sfun_registry.obj
 0001:00003290       _ssGetCurrentOutputPortWidth 0000000180004290 f   MFunction_sfun_registry.obj
 0001:000033b0       _ssGetCallSystemNumFcnCallDestinations 00000001800043b0 f   MFunction_sfun_registry.obj
 0001:00003420       ssWarning                  0000000180004420 f   MFunction_sfun_registry.obj
 0001:00003500       ssSetIsInputPortUsedForContZcSignal 0000000180004500 f   MFunction_sfun_registry.obj
 0001:00003570       ssSetZcSignalIsZcElementDisc 0000000180004570 f   MFunction_sfun_registry.obj
 0001:00003600       ssSetZcSignalName          0000000180004600 f   MFunction_sfun_registry.obj
 0001:00003670       ssSetZcSignalWidth         0000000180004670 f   MFunction_sfun_registry.obj
 0001:000036e0       ssSetZcSignalZcEventType   00000001800046e0 f   MFunction_sfun_registry.obj
 0001:00003750       ssSetZcSignalType          0000000180004750 f   MFunction_sfun_registry.obj
 0001:000037c0       ssSetZcSignalZcTol         00000001800047c0 f   MFunction_sfun_registry.obj
 0001:00003830       ssSetZcSignalNeedsEventNotification 0000000180004830 f   MFunction_sfun_registry.obj
 0001:000038a0       ssCreateAndAddZcSignalInfo 00000001800048a0 f   MFunction_sfun_registry.obj
 0001:00003910       ssCloneAndAddZcSignalInfo  0000000180004910 f   MFunction_sfun_registry.obj
 0001:00003980       ssGetNumZcSignals          0000000180004980 f   MFunction_sfun_registry.obj
 0001:000039f0       ssGetZcSignalVector        00000001800049f0 f   MFunction_sfun_registry.obj
 0001:00003a60       ssGetZcSignalZcEvents      0000000180004a60 f   MFunction_sfun_registry.obj
 0001:00003ad0       ssGetZcSignalName          0000000180004ad0 f   MFunction_sfun_registry.obj
 0001:00003b40       ssGetZcSignalWidth         0000000180004b40 f   MFunction_sfun_registry.obj
 0001:00003bb0       ssGetZcSignalZcEventType   0000000180004bb0 f   MFunction_sfun_registry.obj
 0001:00003c20       ssGetZcSignalType          0000000180004c20 f   MFunction_sfun_registry.obj
 0001:00003c90       ssGetZcSignalZcTol         0000000180004c90 f   MFunction_sfun_registry.obj
 0001:00003d10       ssGetZcSignalNeedsEventNotification 0000000180004d10 f   MFunction_sfun_registry.obj
 0001:00003d80       ssGetZcSignalIsZcElementDisc 0000000180004d80 f   MFunction_sfun_registry.obj
 0001:00003e00       ssGetIsInputPortElementContinuous 0000000180004e00 f   MFunction_sfun_registry.obj
 0001:00003e80       _ssGetInputPortSignalPtrsFcn 0000000180004e80 f   MFunction_sfun_registry.obj
 0001:000040f0       _ssGetInputPortSignalFcn   00000001800050f0 f   MFunction_sfun_registry.obj
 0001:000042c0       _ssSetInputPortDirectFeedThroughFcn 00000001800052c0 f   MFunction_sfun_registry.obj
 0001:00004410       _ssSetInputPortReusableFcn 0000000180005410 f   MFunction_sfun_registry.obj
 0001:00004500       _ssSetOutputPortReusableFcn 0000000180005500 f   MFunction_sfun_registry.obj
 0001:000045e0       ssGetDTypeIdFromMxArray    00000001800055e0 f   MFunction_sfun_registry.obj
 0001:00004700       ssWriteRTWStr              0000000180005700 f   MFunction_sfun_registry.obj
 0001:00004760       ssWriteRTWMxVectParam      0000000180005760 f   MFunction_sfun_registry.obj
 0001:000047c0       ssWriteRTWMx2dMatParam     00000001800057c0 f   MFunction_sfun_registry.obj
 0001:00004840       ssWriteRTWNameValuePair    0000000180005840 f   MFunction_sfun_registry.obj
 0001:00004d20       ssWriteRTWParameters       0000000180005d20 f   MFunction_sfun_registry.obj
 0001:00005320       ssWriteRTWParamSettings    0000000180006320 f   MFunction_sfun_registry.obj
 0001:000059f0       ssWriteRTWWorkVect         00000001800069f0 f   MFunction_sfun_registry.obj
 0001:00005ef0       mexFunction                0000000180006ef0 f   MFunction_sfun_registry.obj
 0001:00007b80       ProcessMexSfunctionEveryCall 0000000180008b80 f   MFunction_sfun_registry.obj
 0001:00007cf0       MFunction_initializer      0000000180008cf0 f   MFunction_sfun.obj
 0001:00007d10       MFunction_terminator       0000000180008d10 f   MFunction_sfun.obj
 0001:00007d20       sf_MFunction_method_dispatcher 0000000180008d20 f   MFunction_sfun.obj
 0001:00007d70       sf_MFunction_process_check_sum_call 0000000180008d70 f   MFunction_sfun.obj
 0001:00008180       sf_MFunction_autoinheritance_info 0000000180009180 f   MFunction_sfun.obj
 0001:00008280       sf_MFunction_get_eml_resolved_functions_info 0000000180009280 f   MFunction_sfun.obj
 0001:000083b0       MFunction_debug_initialize 00000001800093b0 f   MFunction_sfun.obj
 0001:00008420       MFunction_register_exported_symbols 0000000180009420 f   MFunction_sfun.obj
 0001:000084d0       sf_mex_mx_is_numeric       00000001800094d0 f   sfc_mex:sfc_mex.obj
 0001:00008510       strcmp_ignore_ws           0000000180009510 f   sfc_mex:sfc_mex.obj
 0001:00008650       sf_mex_duplicatearraysafe  0000000180009650 f   sfc_mex:sfc_mex.obj
 0001:000087b0       sf_set_error_debugger_context_message_fcn 00000001800097b0 f   sfc_mex:sfc_mex.obj
 0001:000087c0       sf_set_debugger_matlab_error_fcn 00000001800097c0 f   sfc_mex:sfc_mex.obj
 0001:000087f0       sf_set_error_prefix_string 00000001800097f0 f   sfc_mex:sfc_mex.obj
 0001:00008820       sf_get_error_prefix_string 0000000180009820 f   sfc_mex:sfc_mex.obj
 0001:00008830       sf_get_current_jmp_buf_ptr 0000000180009830 f   sfc_mex:sfc_mex.obj
 0001:00008840       sf_set_current_jmp_buf_ptr 0000000180009840 f   sfc_mex:sfc_mex.obj
 0001:00008850       sf_mex_set_halt_simulation 0000000180009850 f   sfc_mex:sfc_mex.obj
 0001:00008860       sf_mex_get_halt_simulation 0000000180009860 f   sfc_mex:sfc_mex.obj
 0001:00008870       sf_mex_clear_error_message 0000000180009870 f   sfc_mex:sfc_mex.obj
 0001:00008890       sf_mex_get_error_message_for_read 0000000180009890 f   sfc_mex:sfc_mex.obj
 0001:000088a0       sf_mex_get_error_message_buffer_length 00000001800098a0 f   sfc_mex:sfc_mex.obj
 0001:00008990       sf_mex_warning_message     0000000180009990 f   sfc_mex:sfc_mex.obj
 0001:00008a00       sf_mex_v_errbuf_createf    0000000180009a00 f   sfc_mex:sfc_mex.obj
 0001:00008a10       sf_mex_errbuf_createf      0000000180009a10 f   sfc_mex:sfc_mex.obj
 0001:00008a40       sf_mex_v_errbuf_catf       0000000180009a40 f   sfc_mex:sfc_mex.obj
 0001:00008a80       sf_mex_errbuf_catf         0000000180009a80 f   sfc_mex:sfc_mex.obj
 0001:00008ad0       sf_mex_errbuf_copy         0000000180009ad0 f   sfc_mex:sfc_mex.obj
 0001:00008ae0       sf_mex_errbuf_clear        0000000180009ae0 f   sfc_mex:sfc_mex.obj
 0001:00008af0       sf_mex_errbuf_isempty      0000000180009af0 f   sfc_mex:sfc_mex.obj
 0001:00008c00       sf_mex_set_error_status    0000000180009c00 f   sfc_mex:sfc_mex.obj
 0001:00008c50       sf_mex_error_direct_call   0000000180009c50 f   sfc_mex:sfc_mex.obj
 0001:00008c70       sf_mex_long_jump_on_error  0000000180009c70 f   sfc_mex:sfc_mex.obj
 0001:00008ca0       sf_mex_call_matlab         0000000180009ca0 f   sfc_mex:sfc_mex.obj
 0001:00008dc0       sf_mex_check_builtin       0000000180009dc0 f   sfc_mex:sfc_mex.obj
 0001:00008e00       sf_mex_check_builtin_vs    0000000180009e00 f   sfc_mex:sfc_mex.obj
 0001:00008e60       sf_mex_check_enum          0000000180009e60 f   sfc_mex:sfc_mex.obj
 0001:00008e90       sf_mex_create_enum         0000000180009e90 f   sfc_mex:sfc_mex.obj
 0001:00008eb0       sf_mex_get_enum_element    0000000180009eb0 f   sfc_mex:sfc_mex.obj
 0001:00008ec0       sf_mex_createcellarray     0000000180009ec0 f   sfc_mex:sfc_mex.obj
 0001:00008ed0       sf_mex_setcell             0000000180009ed0 f   sfc_mex:sfc_mex.obj
 0001:00008ee0       sf_mex_getcell             0000000180009ee0 f   sfc_mex:sfc_mex.obj
 0001:00008ef0       sf_mex_dup                 0000000180009ef0 f   sfc_mex:sfc_mex.obj
 0001:00008f10       sf_mex_assign              0000000180009f10 f   sfc_mex:sfc_mex.obj
 0001:00008f70       sf_mex_destroy             0000000180009f70 f   sfc_mex:sfc_mex.obj
 0001:00008fa0       mx_array_has_fi_type       0000000180009fa0 f   sfc_mex:sfc_mex.obj
 0001:00008fd0       sf_mex_convert_from_fi     0000000180009fd0 f   sfc_mex:sfc_mex.obj
 0001:00009130       sf_mex_convert_to_double   000000018000a130 f   sfc_mex:sfc_mex.obj
 0001:00009250       sf_mex_import_fi_vs        000000018000a250 f   sfc_mex:sfc_mex.obj
 0001:00009480       sf_matrix_matrix_index_ok  000000018000a480 f   sfc_mex:sfc_mex.obj
 0001:00009510       ssGetCurrentInputPortDimensions_wrapper 000000018000a510 f   sfc_mex:sfc_mex.obj
 0001:00009530       ssGetCurrentOutputPortDimensions_wrapper 000000018000a530 f   sfc_mex:sfc_mex.obj
 0001:00009550       sf_mex_emlrt_context_is_debug_mode 000000018000a550 f   sfc_mex:sfc_mex.obj
 0001:00009560       sf_mex_emlrt_context_set_debug_mode 000000018000a560 f   sfc_mex:sfc_mex.obj
 0001:00009570       sf_clear_error_manager_info 000000018000a570 f   sfc_mex:sfc_mex.obj
 0001:000095c0       sf_mex_stop_simulation_abruptly_wo_error 000000018000a5c0 f   sfc_mex:sfc_mex.obj
 0001:00009600       sf_mex_error_message       000000018000a600 f   sfc_mex:sfc_mex.obj
 0001:00009660       sf_react_to_error_in_matlab_call 000000018000a660 f   sfc_mex:sfc_mex.obj
 0001:00009690       sf_mex_addfield            000000018000a690 f   sfc_mex:sfc_mex.obj
 0001:00009730       sf_mex_getfield            000000018000a730 f   sfc_mex:sfc_mex.obj
 0001:000099e0       sf_mex_check_class         000000018000a9e0 f   sfc_mex:sfc_mex.obj
 0001:00009a70       sf_mex_is_real             000000018000aa70 f   sfc_mex:sfc_mex.obj
 0001:00009b90       sf_mex_check_complex       000000018000ab90 f   sfc_mex:sfc_mex.obj
 0001:00009bf0       sf_mex_check_sparse        000000018000abf0 f   sfc_mex:sfc_mex.obj
 0001:00009c60       sf_mex_check_numerictype   000000018000ac60 f   sfc_mex:sfc_mex.obj
 0001:00009ec0       sf_mex_check_fimath        000000018000aec0 f   sfc_mex:sfc_mex.obj
 0001:0000a120       sf_mex_decode_encoded_mx_struct_array 000000018000b120 f   sfc_mex:sfc_mex.obj
 0001:0000a3f0       sf_mex_lw_bounds_check     000000018000b3f0 f   sfc_mex:sfc_mex.obj
 0001:0000a420       sf_mex_lw_size_eq_check_1d 000000018000b420 f   sfc_mex:sfc_mex.obj
 0001:0000a440       sf_mex_lw_size_eq_check_nd 000000018000b440 f   sfc_mex:sfc_mex.obj
 0001:0000a630       sf_mex_lw_dim_size_eq_check 000000018000b630 f   sfc_mex:sfc_mex.obj
 0001:0000a660       sf_mex_lw_dim_size_geq_check 000000018000b660 f   sfc_mex:sfc_mex.obj
 0001:0000a690       sf_mex_lw_sub_assign_size_check_nd 000000018000b690 f   sfc_mex:sfc_mex.obj
 0001:0000a8d0       sf_mex_lw_matrix_matrix_index_check 000000018000b8d0 f   sfc_mex:sfc_mex.obj
 0001:0000a960       sf_mex_lw_non_negative_check 000000018000b960 f   sfc_mex:sfc_mex.obj
 0001:0000a9a0       sf_mex_overflow_error      000000018000b9a0 f   sfc_mex:sfc_mex.obj
 0001:0000a9b0       sf_mex_dividebyzero_error  000000018000b9b0 f   sfc_mex:sfc_mex.obj
 0001:0000a9c0       sf_mex_unsafe_enum_error   000000018000b9c0 f   sfc_mex:sfc_mex.obj
 0001:0000a9d0       sf_emlrtErrHandler         000000018000b9d0 f   sfc_mex:sfc_mex.obj
 0001:0000aa10       sf_mex_printf              000000018000ba10 f   sfc_mex:sfc_mex.obj
 0001:0000ac40       sf_mex_check_size          000000018000bc40 f   sfc_mex:sfc_mex.obj
 0001:0000af40       sf_mex_check_struct        000000018000bf40 f   sfc_mex:sfc_mex.obj
 0001:0000b100       sf_mex_check_struct_vs     000000018000c100 f   sfc_mex:sfc_mex.obj
 0001:0000b190       sf_mex_check_fi            000000018000c190 f   sfc_mex:sfc_mex.obj
 0001:0000b3f0       sf_mex_check_fi_vs         000000018000c3f0 f   sfc_mex:sfc_mex.obj
 0001:0000b490       sf_echo_expression         000000018000c490 f   sfc_mex:sfc_mex.obj
 0001:0000b4f0       sf_assertion_failed        000000018000c4f0 f   sfc_mex:sfc_mex.obj
 0001:0000b6c0       sf_mex_evalin              000000018000c6c0 f   sfc_mex:sfc_mex.obj
 0001:0000b9e0       sf_mex_export              000000018000c9e0 f   sfc_mex:sfc_mex.obj
 0001:0000ba80       sf_mex_get_ml_var_no_error 000000018000ca80 f   sfc_mex:sfc_mex.obj
 0001:0000bd00       sf_mex_get_ml_var          000000018000cd00 f   sfc_mex:sfc_mex.obj
 0001:0000c080       ml_set_element_value_in_array 000000018000d080 f   sfc_mex:sfc_mex.obj
 0001:0000d510       sf_mex_call_impl           000000018000e510 f   sfc_mex:sfc_mex.obj
 0001:0000dad0       sf_mex_call_debug          000000018000ead0 f   sfc_mex:sfc_mex.obj
 0001:0000db00       sf_mex_call                000000018000eb00 f   sfc_mex:sfc_mex.obj
 0001:0000e110       sf_mex_createstruct        000000018000f110 f   sfc_mex:sfc_mex.obj
 0001:0000e200       sf_mex_createstructarray   000000018000f200 f   sfc_mex:sfc_mex.obj
 0001:0000e280       sf_mex_get_mx_datatype_from_sf_datatype 000000018000f280 f   sfc_mex:sfc_mex.obj
 0001:0000e590       sf_mex_ml_var_sub          000000018000f590 f   sfc_mex:sfc_mex.obj
 0001:0000e760       sf_mex_ml_var_subsasgn     000000018000f760 f   sfc_mex:sfc_mex.obj
 0001:0000eb70       sf_mex_sub                 000000018000fb70 f   sfc_mex:sfc_mex.obj
 0001:0000ed90       sf_mex_subsasgn            000000018000fd90 f   sfc_mex:sfc_mex.obj
 0001:0000f9f0       sf_mex_create              00000001800109f0 f   sfc_mex:sfc_mex.obj
 0001:00010870       sf_mex_import              0000000180011870 f   sfc_mex:sfc_mex.obj
 0001:00010980       sf_mex_import_vs           0000000180011980 f   sfc_mex:sfc_mex.obj
 0001:00010a90       sf_mex_lower_fixpt_mx_array 0000000180011a90 f   sfc_mex:sfc_mex.obj
 0001:000110d0       sim_mode_is_rtw_gen        00000001800120d0 f   sfc_mex:sfc_sf.obj
 0001:00011100       sim_mode_is_external       0000000180012100 f   sfc_mex:sfc_sf.obj
 0001:00011110       mdlInitializeSizes         0000000180012110 f   sfc_mex:sfc_sf.obj
 0001:00011130       mdlInitializeSampleTimes   0000000180012130 f   sfc_mex:sfc_sf.obj
 0001:00011170       mdlZeroCrossings           0000000180012170 f   sfc_mex:sfc_sf.obj
 0001:00011250       mdlDerivatives             0000000180012250 f   sfc_mex:sfc_sf.obj
 0001:00011300       mdl_initialize_conditions_processing 0000000180012300 f   sfc_mex:sfc_sf.obj
 0001:00011330       mdlInitializeConditions    0000000180012330 f   sfc_mex:sfc_sf.obj
 0001:000113f0       mdlGetSimState             00000001800123f0 f   sfc_mex:sfc_sf.obj
 0001:00011400       mdlSetSimState             0000000180012400 f   sfc_mex:sfc_sf.obj
 0001:00011410       mdl_ext_mode_exec_processing 0000000180012410 f   sfc_mex:sfc_sf.obj
 0001:00011430       mdlExtModeExec             0000000180012430 f   sfc_mex:sfc_sf.obj
 0001:00011690       mdlTerminate               0000000180012690 f   sfc_mex:sfc_sf.obj
 0001:00011700       mdlRTW                     0000000180012700 f   sfc_mex:sfc_sf.obj
 0001:00011730       mdlSetWorkWidths           0000000180012730 f   sfc_mex:sfc_sf.obj
 0001:00011740       mdlProcessParameters       0000000180012740 f   sfc_mex:sfc_sf.obj
 0001:00011750       mdl_start_processing       0000000180012750 f   sfc_mex:sfc_sf.obj
 0001:00011790       mdlStart                   0000000180012790 f   sfc_mex:sfc_sf.obj
 0001:00011880       mdlEnable                  0000000180012880 f   sfc_mex:sfc_sf.obj
 0001:00011950       mdlDisable                 0000000180012950 f   sfc_mex:sfc_sf.obj
 0001:00011a00       sf_get_chart_instance_ptr  0000000180012a00 f   sfc_mex:sfc_sf.obj
 0001:00011a20       sf_rtw_info_uint_prop      0000000180012a20 f   sfc_mex:sfc_sf.obj
 0001:00011b70       sf_is_chart_inlinable      0000000180012b70 f   sfc_mex:sfc_sf.obj
 0001:00011b80       sf_mark_output_events_with_multiple_callers 0000000180012b80 f   sfc_mex:sfc_sf.obj
 0001:00011d20       sf_mark_chart_reusable_outputs 0000000180012d20 f   sfc_mex:sfc_sf.obj
 0001:00011f80       sf_mark_chart_expressionable_inputs 0000000180012f80 f   sfc_mex:sfc_sf.obj
 0001:000122d0       sf_get_subchart_simstruct  00000001800132d0 f   sfc_mex:sfc_sf.obj
 0001:00012320       sf_write_symbol_mapping    0000000180013320 f   sfc_mex:sfc_sf.obj
 0001:00012550       sf_get_fixpt_data_type_id  0000000180013550 f   sfc_mex:sfc_sf.obj
 0001:00012590       sf_get_enum_data_type_id   0000000180013590 f   sfc_mex:sfc_sf.obj
 0001:000125d0       sf_get_param_data_type_id  00000001800135d0 f   sfc_mex:sfc_sf.obj
 0001:00012600       sf_mex_listen_for_ctrl_c_force 0000000180013600 f   sfc_mex:sfc_sf.obj
 0001:00012710       sf_mex_draw_now            0000000180013710 f   sfc_mex:sfc_sf.obj
 0001:00012750       sf_mex_set_debugger_sim_status_listener_fcn 0000000180013750 f   sfc_mex:sfc_sf.obj
 0001:00012760       sf_mex_listen_for_ctrl_c   0000000180013760 f   sfc_mex:sfc_sf.obj
 0001:000127f0       sf_mex_get_sfun_param      00000001800137f0 f   sfc_mex:sfc_sf.obj
 0001:00012840       sf_get_runtime_param_data  0000000180013840 f   sfc_mex:sfc_sf.obj
 0001:00012880       sf_call_output_fcn_call    0000000180013880 f   sfc_mex:sfc_sf.obj
 0001:000129c0       sf_call_output_fcn_enable  00000001800139c0 f   sfc_mex:sfc_sf.obj
 0001:00012a50       sf_call_output_fcn_disable 0000000180013a50 f   sfc_mex:sfc_sf.obj
 0001:00012ae0       sf_clear_rtw_identifier    0000000180013ae0 f   sfc_mex:sfc_sf.obj
 0001:00013270       sf_set_encoded_dwork_info  0000000180014270 f   sfc_mex:sfc_sf.obj
 0001:00013470       sf_set_rtw_dwork_info      0000000180014470 f   sfc_mex:sfc_sf.obj
 0001:000138b0       mdlOutputs                 00000001800148b0 f   sfc_mex:sfc_sf.obj
 0001:000139f0       sf_debug_disp              00000001800149f0 f   sfc_debug:sfcdebug.obj
 0001:00013cc0       sf_debug_data_runtime_size_mismatch_error_check 0000000180014cc0 f   sfc_debug:sfcdebug.obj
 0001:00013d60       sf_debug_try_loading_machine 0000000180014d60 f   sfc_debug:sfcdebug.obj
 0001:00013e60       sf_debug_reset_current_state_configuration 0000000180014e60 f   sfc_debug:sfcdebug.obj
 0001:00013ef0       sf_debug_store_current_state_configuration 0000000180014ef0 f   sfc_debug:sfcdebug.obj
 0001:00013f80       sf_debug_restore_previous_state_configuration 0000000180014f80 f   sfc_debug:sfcdebug.obj
 0001:00014010       sf_debug_restore_previous_state_configuration2 0000000180015010 f   sfc_debug:sfcdebug.obj
 0001:000140a0       sf_debug_get_event_scope   00000001800150a0 f   sfc_debug:sfcdebug.obj
 0001:00014210       use_debugger_step_animation 0000000180015210 f   sfc_debug:sfcdebug.obj
 0001:00014230       sf_debug_get_script_id     0000000180015230 f   sfc_debug:sfcdebug.obj
 0001:000142c0       sf_debug_set_script_translation 00000001800152c0 f   sfc_debug:sfcdebug.obj
 0001:00014380       sf_debug_get_current_machine_id 0000000180015380 f   sfc_debug:sfcdebug.obj
 0001:000143a0       sf_debug_get_current_optional_integer 00000001800153a0 f   sfc_debug:sfcdebug.obj
 0001:000143b0       sf_debug_get_current_machine_number 00000001800153b0 f   sfc_debug:sfcdebug.obj
 0001:000143d0       sf_debug_get_current_machine_name 00000001800153d0 f   sfc_debug:sfcdebug.obj
 0001:000143f0       sf_debug_get_current_chart_id 00000001800153f0 f   sfc_debug:sfcdebug.obj
 0001:00014440       sf_debug_get_current_chart_number 0000000180015440 f   sfc_debug:sfcdebug.obj
 0001:00014450       sf_debug_get_current_instance_number 0000000180015450 f   sfc_debug:sfcdebug.obj
 0001:00014460       sf_debug_get_current_is_minor_time_step 0000000180015460 f   sfc_debug:sfcdebug.obj
 0001:000144e0       sf_debug_get_current_object_type 00000001800154e0 f   sfc_debug:sfcdebug.obj
 0001:000144f0       sf_debug_get_current_instance_handle 00000001800154f0 f   sfc_debug:sfcdebug.obj
 0001:00014550       sf_debug_get_current_event_type 0000000180015550 f   sfc_debug:sfcdebug.obj
 0001:00014560       sf_debug_get_current_object_id 0000000180015560 f   sfc_debug:sfcdebug.obj
 0001:000145a0       sf_debug_get_current_active_event_type 00000001800155a0 f   sfc_debug:sfcdebug.obj
 0001:000145b0       sf_debug_get_current_active_event_id 00000001800155b0 f   sfc_debug:sfcdebug.obj
 0001:000145f0       sf_debug_get_current_tag_type 00000001800155f0 f   sfc_debug:sfcdebug.obj
 0001:00014600       sf_debug_get_current_simulation_time 0000000180015600 f   sfc_debug:sfcdebug.obj
 0001:00014610       sf_debug_get_current_coverage_percentage 0000000180015610 f   sfc_debug:sfcdebug.obj
 0001:00014620       sf_debug_current_statement_context 0000000180015620 f   sfc_debug:sfcdebug.obj
 0001:000146b0       sf_debug_get_current_statement_info 00000001800156b0 f   sfc_debug:sfcdebug.obj
 0001:00014830       sf_debug_terminate_instance 0000000180015830 f   sfc_debug:sfcdebug.obj
 0001:00014b50       sf_debug_assertion_failed  0000000180015b50 f   sfc_debug:sfcdebug.obj
 0001:00014d00       sf_debug_set_number_of_data_with_change_event_for_machine 0000000180015d00 f   sfc_debug:sfcdebug.obj
 0001:00014d40       sf_debug_set_machine_event_thresholds 0000000180015d40 f   sfc_debug:sfcdebug.obj
 0001:00014d60       sf_debug_set_machine_event_scope 0000000180015d60 f   sfc_debug:sfcdebug.obj
 0001:00014da0       sf_debug_set_machine_data_thresholds 0000000180015da0 f   sfc_debug:sfcdebug.obj
 0001:00014de0       sf_debug_set_machine_data_scope 0000000180015de0 f   sfc_debug:sfcdebug.obj
 0001:00014e70       sf_debug_set_machine_data_name 0000000180015e70 f   sfc_debug:sfcdebug.obj
 0001:00014f10       sf_debug_set_machine_data_size 0000000180015f10 f   sfc_debug:sfcdebug.obj
 0001:00015050       sf_debug_set_machine_data_type 0000000180016050 f   sfc_debug:sfcdebug.obj
 0001:000151c0       sf_debug_get_chart_data_number 00000001800161c0 f   sfc_debug:sfcdebug.obj
 0001:000151e0       sf_debug_get_chart_event_number 00000001800161e0 f   sfc_debug:sfcdebug.obj
 0001:00015200       sf_debug_set_chart_state_info 0000000180016200 f   sfc_debug:sfcdebug.obj
 0001:00015280       sf_debug_set_chart_decomposition 0000000180016280 f   sfc_debug:sfcdebug.obj
 0001:000152f0       sf_debug_set_chart_substate_count 00000001800162f0 f   sfc_debug:sfcdebug.obj
 0001:000153d0       sf_debug_set_chart_substate_index 00000001800163d0 f   sfc_debug:sfcdebug.obj
 0001:00015440       sf_debug_set_chart_state_substate_count 0000000180016440 f   sfc_debug:sfcdebug.obj
 0001:00015550       sf_debug_set_chart_state_substate_index 0000000180016550 f   sfc_debug:sfcdebug.obj
 0001:000155d0       sf_debug_set_number_of_data_with_change_event_for_chart 00000001800165d0 f   sfc_debug:sfcdebug.obj
 0001:00015650       sf_debug_set_number_of_states_with_entry_event_for_chart 0000000180016650 f   sfc_debug:sfcdebug.obj
 0001:000156c0       sf_debug_set_number_of_states_with_exit_event_for_chart 00000001800166c0 f   sfc_debug:sfcdebug.obj
 0001:00015730       sf_debug_set_chart_disable_implicit_casting 0000000180016730 f   sfc_debug:sfcdebug.obj
 0001:000157a0       sf_debug_set_chart_event_thresholds 00000001800167a0 f   sfc_debug:sfcdebug.obj
 0001:00015810       sf_debug_set_chart_data_props 0000000180016810 f   sfc_debug:sfcdebug.obj
 0001:00015dd0       sf_debug_check_fi_license  0000000180016dd0 f   sfc_debug:sfcdebug.obj
 0001:00015fc0       sf_debug_symbol_scope_push 0000000180016fc0 f   sfc_debug:sfcdebug.obj
 0001:000160a0       sf_debug_symbol_scope_push_eml 00000001800170a0 f   sfc_debug:sfcdebug.obj
 0001:00016180       sf_debug_symbol_scope_pop  0000000180017180 f   sfc_debug:sfcdebug.obj
 0001:000161c0       sf_debug_symbol_scope_add  00000001800171c0 f   sfc_debug:sfcdebug.obj
 0001:00016240       sf_debug_symbol_scope_add_eml 0000000180017240 f   sfc_debug:sfcdebug.obj
 0001:00016280       sf_debug_symbol_scope_add_dyn 0000000180017280 f   sfc_debug:sfcdebug.obj
 0001:00016330       sf_debug_symbol_scope_add_eml_dyn 0000000180017330 f   sfc_debug:sfcdebug.obj
 0001:00016390       sf_debug_symbol_switch     0000000180017390 f   sfc_debug:sfcdebug.obj
 0001:000163b0       sf_debug_symbol_scope_add_verbose 00000001800173b0 f   sfc_debug:sfcdebug.obj
 0001:00016480       sf_debug_set_machine_data_value_ptr 0000000180017480 f   sfc_debug:sfcdebug.obj
 0001:000164c0       sf_debug_set_instance_data_value_ptr 00000001800174c0 f   sfc_debug:sfcdebug.obj
 0001:00016580       sf_debug_unset_instance_data_value_ptr 0000000180017580 f   sfc_debug:sfcdebug.obj
 0001:00016630       sf_debug_set_chart_event_scope 0000000180017630 f   sfc_debug:sfcdebug.obj
 0001:000166b0       sf_debug_set_chart_transition_coverage_maps 00000001800176b0 f   sfc_debug:sfcdebug.obj
 0001:000167c0       sf_debug_set_chart_state_coverage_maps 00000001800177c0 f   sfc_debug:sfcdebug.obj
 0001:000168a0       sf_debug_set_instance_transition_coverage_weights 00000001800178a0 f   sfc_debug:sfcdebug.obj
 0001:00016940       sf_debug_set_instance_state_coverage_weights 0000000180017940 f   sfc_debug:sfcdebug.obj
 0001:00016b90       sf_debug_unload_machine    0000000180017b90 f   sfc_debug:sfcdebug.obj
 0001:00016be0       sf_debug_load_machine      0000000180017be0 f   sfc_debug:sfcdebug.obj
 0001:00016cf0       sf_debug_set_active_instance_in_data_dictionary 0000000180017cf0 f   sfc_debug:sfcdebug.obj
 0001:00016ed0       sf_debug_set_active_instance 0000000180017ed0 f   sfc_debug:sfcdebug.obj
 0001:00017020       sf_debug_chart_visiblity_change 0000000180018020 f   sfc_debug:sfcdebug.obj
 0001:00017100       sf_debug_select_chart      0000000180018100 f   sfc_debug:sfcdebug.obj
 0001:000171e0       sf_debug_set_instance_cv_ids 00000001800181e0 f   sfc_debug:sfcdebug.obj
 0001:00017500       sf_debug_select_charts     0000000180018500 f   sfc_debug:sfcdebug.obj
 0001:00017640       sf_debug_initialized       0000000180018640 f   sfc_debug:sfcdebug.obj
 0001:00017650       sf_debug_is_uninterruptible 0000000180018650 f   sfc_debug:sfcdebug.obj
 0001:00017680       sf_debug_initialize_debugger_gui 0000000180018680 f   sfc_debug:sfcdebug.obj
 0001:00017a60       sf_debug_resume            0000000180018a60 f   sfc_debug:sfcdebug.obj
 0001:00017a80       sf_debug_go                0000000180018a80 f   sfc_debug:sfcdebug.obj
 0001:00017a90       sf_debug_break             0000000180018a90 f   sfc_debug:sfcdebug.obj
 0001:00017aa0       sf_debug_step_over         0000000180018aa0 f   sfc_debug:sfcdebug.obj
 0001:00017ab0       sf_debug_step_out          0000000180018ab0 f   sfc_debug:sfcdebug.obj
 0001:00017ac0       sf_debug_set_disable_all_breakpoints 0000000180018ac0 f   sfc_debug:sfcdebug.obj
 0001:00017ad0       sf_debug_disable_all_breakpoints_and_go 0000000180018ad0 f   sfc_debug:sfcdebug.obj
 0001:00017ae0       sf_debug_break_on_chart_entry 0000000180018ae0 f   sfc_debug:sfcdebug.obj
 0001:00017af0       sf_debug_break_on_event_broadcast 0000000180018af0 f   sfc_debug:sfcdebug.obj
 0001:00017b00       sf_debug_break_on_state_entry 0000000180018b00 f   sfc_debug:sfcdebug.obj
 0001:00017b10       sf_debug_break_between_times 0000000180018b10 f   sfc_debug:sfcdebug.obj
 0001:00017b30       sf_debug_browse_data       0000000180018b30 f   sfc_debug:sfcdebug.obj
 0001:00017b50       sf_debug_watch_data        0000000180018b50 f   sfc_debug:sfcdebug.obj
 0001:00017b70       sf_debug_whos              0000000180018b70 f   sfc_debug:sfcdebug.obj
 0001:00017b90       sf_debug_get_consistency_info 0000000180018b90 f   sfc_debug:sfcdebug.obj
 0001:00017ba0       sf_debug_browse_trace      0000000180018ba0 f   sfc_debug:sfcdebug.obj
 0001:00017bb0       sf_debug_set_breakpoints   0000000180018bb0 f   sfc_debug:sfcdebug.obj
 0001:00017d00       sf_debug_set_eml_breakpoints 0000000180018d00 f   sfc_debug:sfcdebug.obj
 0001:00017e60       sf_debug_set_script_breakpoints 0000000180018e60 f   sfc_debug:sfcdebug.obj
 0001:00017ee0       sf_debug_add_script_breakpoints 0000000180018ee0 f   sfc_debug:sfcdebug.obj
 0001:00017f50       sf_debug_clear_script_breakpoints 0000000180018f50 f   sfc_debug:sfcdebug.obj
 0001:00017fc0       sf_debug_query_script_breakpoints 0000000180018fc0 f   sfc_debug:sfcdebug.obj
 0001:00018080       sf_debug_get_eml_script_id 0000000180019080 f   sfc_debug:sfcdebug.obj
 0001:00018140       sf_debug_set_watch         0000000180019140 f   sfc_debug:sfcdebug.obj
 0001:00018370       sf_debug_get_coverage      0000000180019370 f   sfc_debug:sfcdebug.obj
 0001:00018380       sf_debug_get_instance_handle 0000000180019380 f   sfc_debug:sfcdebug.obj
 0001:00018410       sf_debug_get_active_states 0000000180019410 f   sfc_debug:sfcdebug.obj
 0001:00018420       sf_debug_get_animation     0000000180019420 f   sfc_debug:sfcdebug.obj
 0001:00018430       sf_debug_set_animation     0000000180019430 f   sfc_debug:sfcdebug.obj
 0001:00018440       sf_debug_animate           0000000180019440 f   sfc_debug:sfcdebug.obj
 0001:00018470       sf_debug_cycle_detection_check 0000000180019470 f   sfc_debug:sfcdebug.obj
 0001:00018480       sf_debug_data_range_check  0000000180019480 f   sfc_debug:sfcdebug.obj
 0001:00018490       sf_debug_transition_conflict_check 0000000180019490 f   sfc_debug:sfcdebug.obj
 0001:000184a0       sf_debug_state_consistency_check 00000001800194a0 f   sfc_debug:sfcdebug.obj
 0001:000184b0       sf_debug_data_range_check_enabled 00000001800194b0 f   sfc_debug:sfcdebug.obj
 0001:000184d0       sf_debug_transition_conflict_check_enabled 00000001800194d0 f   sfc_debug:sfcdebug.obj
 0001:000184f0       sf_debug_transition_conflict_check_begin 00000001800194f0 f   sfc_debug:sfcdebug.obj
 0001:00018510       sf_debug_transition_conflict_check_end 0000000180019510 f   sfc_debug:sfcdebug.obj
 0001:00018530       sf_debug_stop_debugging    0000000180019530 f   sfc_debug:sfcdebug.obj
 0001:00018560       sf_debug_is_cycle_detected 0000000180019560 f   sfc_debug:sfcdebug.obj
 0001:00018570       sf_debug_is_array_bounds_detected 0000000180019570 f   sfc_debug:sfcdebug.obj
 0001:00018580       sf_debug_get_state_vectors_data_size 0000000180019580 f   sfc_debug:sfcdebug.obj
 0001:000185c0       sf_debug_get_state_vectors_data 00000001800195c0 f   sfc_debug:sfcdebug.obj
 0001:000186d0       sf_debug_set_state_vectors_data 00000001800196d0 f   sfc_debug:sfcdebug.obj
 0001:000189b0       sf_debug_get_script_index  00000001800199b0 f   sfc_debug:sfcdebug.obj
 0001:00018b30       sf_debug_add_script        0000000180019b30 f   sfc_debug:sfcdebug.obj
 0001:00018d10       cv_eval_point              0000000180019d10 f   sfc_debug:sfcdebug.obj
 0001:00018e80       sf_debug_cv_init_state     0000000180019e80 f   sfc_debug:sfcdebug.obj
 0001:00018fa0       sf_debug_cv_init_chart     0000000180019fa0 f   sfc_debug:sfcdebug.obj
 0001:00019080       sf_debug_cv_init_trans     000000018001a080 f   sfc_debug:sfcdebug.obj
 0001:000191f0       cv_eml_init_script         000000018001a1f0 f   sfc_debug:sfcdebug.obj
 0001:00019320       cv_eml_init_fcn            000000018001a320 f   sfc_debug:sfcdebug.obj
 0001:00019420       cv_eml_init_testobjective  000000018001a420 f   sfc_debug:sfcdebug.obj
 0001:00019520       cv_eml_init_if             000000018001a520 f   sfc_debug:sfcdebug.obj
 0001:00019620       cv_eml_init_for            000000018001a620 f   sfc_debug:sfcdebug.obj
 0001:00019710       cv_eml_init_while          000000018001a710 f   sfc_debug:sfcdebug.obj
 0001:00019800       cv_eml_init_mcdc           000000018001a800 f   sfc_debug:sfcdebug.obj
 0001:00019940       cv_eml_init_switch         000000018001a940 f   sfc_debug:sfcdebug.obj
 0001:00019a60       cv_eml_eval                000000018001aa60 f   sfc_debug:sfcdebug.obj
 0001:00019b60       sf_debug_bm_is_a_eml_breakpoint 000000018001ab60 f   sfc_debug:sfcdebug.obj
 0001:00019d50       sf_debug_temporal_threshold 000000018001ad50 f   sfc_debug:sfcdebug.obj
 0001:0001a0f0       sf_debug_transition_conflict_error 000000018001b0f0 f   sfc_debug:sfcdebug.obj
 0001:0001a450       sf_debug_state_inconsistency_error 000000018001b450 f   sfc_debug:sfcdebug.obj
 0001:0001a560       sf_debug_check_for_state_inconsistency 000000018001b560 f   sfc_debug:sfcdebug.obj
 0001:0001a590       sf_debug_cycle_detecton_error 000000018001b590 f   sfc_debug:sfcdebug.obj
 0001:0001ad00       sf_debug_size_eq_check_1d  000000018001bd00 f   sfc_debug:sfcdebug.obj
 0001:0001ad20       sf_debug_size_eq_check_nd  000000018001bd20 f   sfc_debug:sfcdebug.obj
 0001:0001af10       sf_debug_dim_size_eq_check 000000018001bf10 f   sfc_debug:sfcdebug.obj
 0001:0001af40       sf_debug_dim_size_geq_check 000000018001bf40 f   sfc_debug:sfcdebug.obj
 0001:0001af70       sf_debug_sub_assign_size_check_nd 000000018001bf70 f   sfc_debug:sfcdebug.obj
 0001:0001b1c0       sf_debug_matrix_matrix_index_check 000000018001c1c0 f   sfc_debug:sfcdebug.obj
 0001:0001b1e0       sf_debug_data_array_bounds_error_check 000000018001c1e0 f   sfc_debug:sfcdebug.obj
 0001:0001b2f0       sf_debug_eml_data_array_bounds_error_check 000000018001c2f0 f   sfc_debug:sfcdebug.obj
 0001:0001b7b0       sf_debug_integer_check     000000018001c7b0 f   sfc_debug:sfcdebug.obj
 0001:0001b880       sf_debug_not_nan_check     000000018001c880 f   sfc_debug:sfcdebug.obj
 0001:0001b940       sf_debug_non_negative_check 000000018001c940 f   sfc_debug:sfcdebug.obj
 0001:0001ba00       sf_debug_overflow_detection 000000018001ca00 f   sfc_debug:sfcdebug.obj
 0001:0001c0c0       sf_debug_cast_to_real32_T  000000018001d0c0 f   sfc_debug:sfcdebug.obj
 0001:0001c180       sf_debug_cast_to_int8_T    000000018001d180 f   sfc_debug:sfcdebug.obj
 0001:0001c240       sf_debug_cast_to_uint8_T   000000018001d240 f   sfc_debug:sfcdebug.obj
 0001:0001c300       sf_debug_cast_to_int16_T   000000018001d300 f   sfc_debug:sfcdebug.obj
 0001:0001c3c0       sf_debug_cast_to_uint16_T  000000018001d3c0 f   sfc_debug:sfcdebug.obj
 0001:0001c480       sf_debug_cast_to_int32_T   000000018001d480 f   sfc_debug:sfcdebug.obj
 0001:0001c530       sf_debug_cast_to_uint32_T  000000018001d530 f   sfc_debug:sfcdebug.obj
 0001:0001c5f0       sf_debug_data_range_error  000000018001d5f0 f   sfc_debug:sfcdebug.obj
 0001:0001ca60       sf_debug_data_range_error_wrapper_min_max 000000018001da60 f   sfc_debug:sfcdebug.obj
 0001:0001cb50       sf_debug_data_range_error_wrapper_min 000000018001db50 f   sfc_debug:sfcdebug.obj
 0001:0001cc30       sf_debug_data_range_error_wrapper_max 000000018001dc30 f   sfc_debug:sfcdebug.obj
 0001:0001cd10       sf_debug_data_range_wrapper 000000018001dd10 f   sfc_debug:sfcdebug.obj
 0001:0001cdc0       sf_debug_set_current_status_info 000000018001ddc0 f   sfc_debug:sfcdebug.obj
 0001:0001d290       sf_debug_call              000000018001e290 f   sfc_debug:sfcdebug.obj
 0001:0001e140       sf_debug_initialize_machine 000000018001f140 f   sfc_debug:sfcdebug.obj
 0001:0001e5c0       sf_debug_initialize_chart  000000018001f5c0 f   sfc_debug:sfcdebug.obj
 0001:0001eaa0       sf_debug_ensure_script     000000018001faa0 f   sfc_debug:sfcdebug.obj
 0001:0001ec10       cv_script_init_script      000000018001fc10 f   sfc_debug:sfcdebug.obj
 0001:0001ed90       cv_script_init_fcn         000000018001fd90 f   sfc_debug:sfcdebug.obj
 0001:0001eee0       cv_script_init_testobjective 000000018001fee0 f   sfc_debug:sfcdebug.obj
 0001:0001f030       cv_script_init_if          0000000180020030 f   sfc_debug:sfcdebug.obj
 0001:0001f180       cv_script_init_for         0000000180020180 f   sfc_debug:sfcdebug.obj
 0001:0001f2d0       cv_script_init_while       00000001800202d0 f   sfc_debug:sfcdebug.obj
 0001:0001f420       cv_script_init_mcdc        0000000180020420 f   sfc_debug:sfcdebug.obj
 0001:0001f5c0       cv_script_init_switch      00000001800205c0 f   sfc_debug:sfcdebug.obj
 0001:0001f730       cv_script_eval             0000000180020730 f   sfc_debug:sfcdebug.obj
 0001:0001f890       eml_debug_line_call        0000000180020890 f   sfc_debug:sfcdebug.obj
 0001:0001fa40       sf_debug_terminate         0000000180020a40 f   sfc_debug:sfcdebug.obj
 0001:0001fc80       sf_debug_set_script_cv_ids 0000000180020c80 f   sfc_debug:sfcdebug.obj
 0001:0001fe50       sf_debug_api               0000000180020e50 f   sfc_debug:sfc_api.obj
 0001:00021440       sf_debug_sm_terminate      0000000180022440 f   sfc_debug:sfdb_animation.obj
 0001:00021600       sf_debug_reset_path_objects 0000000180022600 f   sfc_debug:sfdb_animation.obj
 0001:00021680       sf_debug_sm_reset_object_selection_status 0000000180022680 f   sfc_debug:sfdb_animation.obj
 0001:00021720       sf_debug_sm_reset_state_buffer 0000000180022720 f   sfc_debug:sfdb_animation.obj
 0001:00021800       sf_debug_sm_store_state_buffer 0000000180022800 f   sfc_debug:sfdb_animation.obj
 0001:00021880       sf_debug_sm_restore_state_buffer1 0000000180022880 f   sfc_debug:sfdb_animation.obj
 0001:000218f0       sf_debug_sm_restore_state_buffer2 00000001800228f0 f   sfc_debug:sfdb_animation.obj
 0001:00021960       sf_debug_sm_chart_active   0000000180022960 f   sfc_debug:sfdb_animation.obj
 0001:000219b0       sf_debug_sm_select_active_objects 00000001800229b0 f   sfc_debug:sfdb_animation.obj
 0001:00021e40       sf_debug_sm_is_chart_active 0000000180022e40 f   sfc_debug:sfdb_animation.obj
 0001:00021e80       sf_debug_sm_is_state_active 0000000180022e80 f   sfc_debug:sfdb_animation.obj
 0001:000220c0       sf_debug_sm_get_active_states 00000001800230c0 f   sfc_debug:sfdb_animation.obj
 0001:00022670       sf_debug_sm_initialize_instance 0000000180023670 f   sfc_debug:sfdb_animation.obj
 0001:00022920       sf_debug_sm_change_object_selection_status 0000000180023920 f   sfc_debug:sfdb_animation.obj
 0001:00022c10       cv_create_interface        0000000180023c10 f   sfc_debug:cv_sfinterface.obj
 0001:00022f60       cv_init_trans              0000000180023f60 f   sfc_debug:cv_sfinterface.obj
 0001:00022fb0       cv_init_state              0000000180023fb0 f   sfc_debug:cv_sfinterface.obj
 0001:00023020       cv_init_chart              0000000180024020 f   sfc_debug:cv_sfinterface.obj
 0001:00023070       cv_dec_update_call         0000000180024070 f   sfc_debug:cv_sfinterface.obj
 0001:000230b0       cv_cond_update_call        00000001800240b0 f   sfc_debug:cv_sfinterface.obj
 0001:000230f0       cv_sigrange_update         00000001800240f0 f   sfc_debug:cv_sfinterface.obj
 0001:00023130       cvsf_eml_eval              0000000180024130 f   sfc_debug:cv_sfinterface.obj
 0001:00023210       cvsf_eml_init_script       0000000180024210 f   sfc_debug:cv_sfinterface.obj
 0001:00023290       cvsf_eml_init_fcn          0000000180024290 f   sfc_debug:cv_sfinterface.obj
 0001:000232f0       cvsf_eml_init_testobjective 00000001800242f0 f   sfc_debug:cv_sfinterface.obj
 0001:00023350       cvsf_eml_init_if           0000000180024350 f   sfc_debug:cv_sfinterface.obj
 0001:000233b0       cvsf_eml_init_for          00000001800243b0 f   sfc_debug:cv_sfinterface.obj
 0001:00023400       cvsf_eml_init_while        0000000180024400 f   sfc_debug:cv_sfinterface.obj
 0001:00023450       cvsf_eml_init_mcdc         0000000180024450 f   sfc_debug:cv_sfinterface.obj
 0001:000234e0       cvsf_eml_init_switch       00000001800244e0 f   sfc_debug:cv_sfinterface.obj
 0001:00023550       cvsf_script_eval           0000000180024550 f   sfc_debug:cv_sfinterface.obj
 0001:00023630       cvsf_script_init_script    0000000180024630 f   sfc_debug:cv_sfinterface.obj
 0001:000236b0       cvsf_script_init_fcn       00000001800246b0 f   sfc_debug:cv_sfinterface.obj
 0001:00023710       cvsf_script_init_testobjective 0000000180024710 f   sfc_debug:cv_sfinterface.obj
 0001:00023770       cvsf_script_init_if        0000000180024770 f   sfc_debug:cv_sfinterface.obj
 0001:000237d0       cvsf_script_init_for       00000001800247d0 f   sfc_debug:cv_sfinterface.obj
 0001:00023820       cvsf_script_init_while     0000000180024820 f   sfc_debug:cv_sfinterface.obj
 0001:00023870       cvsf_script_init_mcdc      0000000180024870 f   sfc_debug:cv_sfinterface.obj
 0001:00023900       cvsf_script_init_switch    0000000180024900 f   sfc_debug:cv_sfinterface.obj
 0001:00023970       cv_destroy_interface       0000000180024970 f   sfc_debug:cv_sfinterface.obj
 0001:00023990       cv_create_instance_objects 0000000180024990 f   sfc_debug:cv_sfinterface.obj
 0001:00023e40       cv_is_enabled              0000000180024e40 f   sfc_debug:cv_sfinterface.obj
 0001:00023e50       sf_debug_cv_initialize_script 0000000180024e50 f   sfc_debug:cv_sfinterface.obj
 0001:00023ff0       sf_debug_cv_initialize_instance 0000000180024ff0 f   sfc_debug:cv_sfinterface.obj
 0001:00024380       sf_debug_cv_terminate_chart 0000000180025380 f   sfc_debug:cv_sfinterface.obj
 0001:000244c0       cv_call_trans_test         00000001800254c0 f   sfc_debug:cv_sfinterface.obj
 0001:000244d0       cv_call_sub_cond_test      00000001800254d0 f   sfc_debug:cv_sfinterface.obj
 0001:00024600       sf_debug_hm_initialize_instance 0000000180025600 f   sfc_debug:sfdb_handle_management.obj
 0001:00024860       sf_debug_hm_get_object_id  0000000180025860 f   sfc_debug:sfdb_handle_management.obj
 0001:00026740       sf_debug_object_is_eml_function 0000000180027740 f   sfc_debug:sfdb_handle_management.obj
 0001:000267b0       sf_debug_hm_initialize_ids_in_machine 00000001800277b0 f   sfc_debug:sfdb_handle_management.obj
 0001:00026920       sf_debug_hm_initialize_ids_in_chart 0000000180027920 f   sfc_debug:sfdb_handle_management.obj
 0001:00026a60       sf_debug_hm_initialize_chart 0000000180027a60 f   sfc_debug:sfdb_handle_management.obj
 0001:00027900       sf_debug_hm_terminate      0000000180028900 f   sfc_debug:sfdb_handle_management.obj
 0001:00027960       sf_debug_hm_initialize_machine 0000000180028960 f   sfc_debug:sfdb_handle_management.obj
 0001:00028210       sf_debug_st_initialize_machine 0000000180029210 f   sfc_debug:sfdb_data_browse.obj
 0001:000282d0       sf_debug_st_initialize_instance 00000001800292d0 f   sfc_debug:sfdb_data_browse.obj
 0001:000286e0       sf_debug_st_terminate      00000001800296e0 f   sfc_debug:sfdb_data_browse.obj
 0001:00028a90       sf_debug_st_set_data_value_ptr_in_machine 0000000180029a90 f   sfc_debug:sfdb_data_browse.obj
 0001:00028b20       sf_debug_st_set_data_value_ptr_in_instance 0000000180029b20 f   sfc_debug:sfdb_data_browse.obj
 0001:00028c00       sf_debug_st_unset_data_value_ptr_in_machine 0000000180029c00 f   sfc_debug:sfdb_data_browse.obj
 0001:00028c70       sf_debug_st_unset_data_value_ptr_in_instance 0000000180029c70 f   sfc_debug:sfdb_data_browse.obj
 0001:00028f30       sf_debug_mx_value          0000000180029f30 f   sfc_debug:sfdb_data_browse.obj
 0001:00028f90       sf_debug_mx_packed_vector  0000000180029f90 f   sfc_debug:sfdb_data_browse.obj
 0001:00029070       sf_debug_mx_uint_vector    000000018002a070 f   sfc_debug:sfdb_data_browse.obj
 0001:00029120       sf_debug_st_get_double_value_from_void_ptr_vector 000000018002a120 f   sfc_debug:sfdb_data_browse.obj
 0001:00029c70       sf_debug_st_browse_data    000000018002ac70 f   sfc_debug:sfdb_data_browse.obj
 0001:0002a3f0       sf_debug_ss_initialize     000000018002b3f0 f   sfc_debug:sfdb_symbol_scope.obj
 0001:0002a410       sf_debug_ss_terminate      000000018002b410 f   sfc_debug:sfdb_symbol_scope.obj
 0001:0002a4a0       sf_debug_ss_push_symbol_scope 000000018002b4a0 f   sfc_debug:sfdb_symbol_scope.obj
 0001:0002a5a0       sf_debug_ss_push_symbol_scope_eml 000000018002b5a0 f   sfc_debug:sfdb_symbol_scope.obj
 0001:0002a600       sf_debug_ss_pop_symbol_scope 000000018002b600 f   sfc_debug:sfdb_symbol_scope.obj
 0001:0002a6b0       sf_debug_ss_add_symbol     000000018002b6b0 f   sfc_debug:sfdb_symbol_scope.obj
 0001:0002a800       sf_debug_ss_add_symbol_eml 000000018002b800 f   sfc_debug:sfdb_symbol_scope.obj
 0001:0002b810       sf_debug_ss_watch_data     000000018002c810 f   sfc_debug:sfdb_symbol_scope.obj
 0001:0002c240       get_data_entry_name        000000018002d240 f   sfc_debug:sfdb_symbol_scope.obj
 0001:0002c290       sf_debug_ss_whos           000000018002d290 f   sfc_debug:sfdb_symbol_scope.obj
 0001:0002cb20       sf_debug_cc_initialize_chart 000000018002db20 f   sfc_debug:sfdb_coverage.obj
 0001:0002d510       sf_debug_cc_initialize_instance 000000018002e510 f   sfc_debug:sfdb_coverage.obj
 0001:0002e310       sf_debug_cc_terminate      000000018002f310 f   sfc_debug:sfdb_coverage.obj
 0001:0002e400       sf_debug_cc_set_transition_maps 000000018002f400 f   sfc_debug:sfdb_coverage.obj
 0001:0002e530       sf_debug_cc_set_state_maps 000000018002f530 f   sfc_debug:sfdb_coverage.obj
 0001:0002e610       sf_debug_cc_set_transition_weights 000000018002f610 f   sfc_debug:sfdb_coverage.obj
 0001:0002e8e0       sf_debug_cc_set_state_weights 000000018002f8e0 f   sfc_debug:sfdb_coverage.obj
 0001:0002ebc0       sf_debug_cc_mark_transition_guard 000000018002fbc0 f   sfc_debug:sfdb_coverage.obj
 0001:0002ece0       sf_debug_cc_mark_transition_trigger 000000018002fce0 f   sfc_debug:sfdb_coverage.obj
 0001:0002ee00       sf_debug_cc_mark_transition_decision 000000018002fe00 f   sfc_debug:sfdb_coverage.obj
 0001:0002ee70       sf_debug_cc_mark_transition_condition_action 000000018002fe70 f   sfc_debug:sfdb_coverage.obj
 0001:0002ef40       sf_debug_cc_mark_transition_transition_action 000000018002ff40 f   sfc_debug:sfdb_coverage.obj
 0001:0002f010       sf_debug_cc_mark_state_entry 0000000180030010 f   sfc_debug:sfdb_coverage.obj
 0001:0002f0e0       sf_debug_cc_mark_state_during 00000001800300e0 f   sfc_debug:sfdb_coverage.obj
 0001:0002f1b0       sf_debug_cc_mark_state_exit 00000001800301b0 f   sfc_debug:sfdb_coverage.obj
 0001:0002fa70       sf_debug_cc_get_coverage   0000000180030a70 f   sfc_debug:sfdb_coverage.obj
 0001:00030000       sf_debug_bm_clear_script_breakpoints 0000000180031000 f   sfc_debug:sfdb_breakpoints.obj
 0001:00030030       sf_debug_bm_set_script_breakpoint 0000000180031030 f   sfc_debug:sfdb_breakpoints.obj
 0001:000300b0       sf_debug_bm_clear_single_script_breakpoint 00000001800310b0 f   sfc_debug:sfdb_breakpoints.obj
 0001:00030130       sf_debug_bm_query_script_breakpoint 0000000180031130 f   sfc_debug:sfdb_breakpoints.obj
 0001:00030180       sf_debug_bm_initialize_scripts 0000000180031180 f   sfc_debug:sfdb_breakpoints.obj
 0001:000308a0       sf_debug_bm_terminate      00000001800318a0 f   sfc_debug:sfdb_breakpoints.obj
 0001:00030ba0       sf_debug_bm_remove_all_breakpoints_in_machine 0000000180031ba0 f   sfc_debug:sfdb_breakpoints.obj
 0001:00030c10       sf_debug_bm_remove_all_breakpoints_in_chart 0000000180031c10 f   sfc_debug:sfdb_breakpoints.obj
 0001:00030d60       sf_debug_bm_initialize_global_breakpoints 0000000180031d60 f   sfc_debug:sfdb_breakpoints.obj
 0001:00030ee0       sf_debug_bm_set_breakpoint 0000000180031ee0 f   sfc_debug:sfdb_breakpoints.obj
 0001:000314f0       sf_debug_bm_set_eml_breakpoint 00000001800324f0 f   sfc_debug:sfdb_breakpoints.obj
 0001:00031590       sf_debug_bm_initialize_machine_breakpoint_map 0000000180032590 f   sfc_debug:sfdb_breakpoints.obj
 0001:00031a80       sf_debug_bm_is_a_breakpoint 0000000180032a80 f   sfc_debug:sfdb_breakpoints.obj
 0001:00031fa0       sf_debug_bm_get_all_breakpoints_in_machine 0000000180032fa0 f   sfc_debug:sfdb_breakpoints.obj
 0001:000322a0       sf_debug_bm_get_all_breakpoints_in_chart 00000001800332a0 f   sfc_debug:sfdb_breakpoints.obj
 0001:00032f50       sf_debug_bm_initialize_machine 0000000180033f50 f   sfc_debug:sfdb_breakpoints.obj
 0001:00033020       sf_debug_bm_initialize_chart 0000000180034020 f   sfc_debug:sfdb_breakpoints.obj
 0001:00033560       sf_debug_sc_terminate      0000000180034560 f   sfc_debug:sfdb_state_consistency.obj
 0001:00033890       sf_debug_sc_is_chart_consistent 0000000180034890 f   sfc_debug:sfdb_state_consistency.obj
 0001:00033b30       sf_debug_sc_get_consistency_error_info 0000000180034b30 f   sfc_debug:sfdb_state_consistency.obj
 0001:00033f60       sf_debug_tm_terminate      0000000180034f60 f   sfc_debug:sfdb_call_stack.obj
 0001:00034020       sf_debug_tm_push_chart_instance 0000000180035020 f   sfc_debug:sfdb_call_stack.obj
 0001:00034180       sf_debug_tm_pop_chart_instance 0000000180035180 f   sfc_debug:sfdb_call_stack.obj
 0001:000341e0       sf_debug_tm_push_trace_node 00000001800351e0 f   sfc_debug:sfdb_call_stack.obj
 0001:00034370       sf_debug_tm_pop_trace_node 0000000180035370 f   sfc_debug:sfdb_call_stack.obj
 0001:000343f0       sf_debug_tm_get_current_global_trace_index 00000001800353f0 f   sfc_debug:sfdb_call_stack.obj
 0001:00034400       sf_debug_tm_get_current_local_trace_index 0000000180035400 f   sfc_debug:sfdb_call_stack.obj
 0001:00034430       sf_debug_tm_set_cycle_detected_flag 0000000180035430 f   sfc_debug:sfdb_call_stack.obj
 0001:00034470       sf_debug_tm_set_cycle_started_flag 0000000180035470 f   sfc_debug:sfdb_call_stack.obj
 0001:000344b0       sf_debug_tm_get_chart_number_from_stack 00000001800354b0 f   sfc_debug:sfdb_call_stack.obj
 0001:00034690       sf_debug_tm_browse_trace   0000000180035690 f   sfc_debug:sfdb_call_stack.obj
 0001:000349c0       sf_debug_cd_initialize_instance 00000001800359c0 f   sfc_debug:sfdb_cycle_detection.obj
 0001:00034c70       sf_debug_cd_mark_processed_transition_in_instance 0000000180035c70 f   sfc_debug:sfdb_cycle_detection.obj
 0001:00034d10       sf_debug_cd_checksum_push  0000000180035d10 f   sfc_debug:sfdb_cycle_detection.obj
 0001:00034fd0       sf_debug_cd_checksum_pop   0000000180035fd0 f   sfc_debug:sfdb_cycle_detection.obj
 0001:00035040       sf_debug_cd_turn_off_cycle_detection 0000000180036040 f   sfc_debug:sfdb_cycle_detection.obj
 0001:00035090       sf_debug_cd_terminate      0000000180036090 f   sfc_debug:sfdb_cycle_detection.obj
 0001:000352d0       md5_initialize_state       00000001800362d0 f   sfc_debug:ckmd5.obj
 0001:00035e50       md5_update_state           0000000180036e50 f   sfc_debug:ckmd5.obj
 0001:00035f30       md5_get_hash               0000000180036f30 f   sfc_debug:ckmd5.obj
 0001:00035f60       md5_get_hash_for_a_single_string 0000000180036f60 f   sfc_debug:ckmd5.obj
 0001:000360ba       mxGetPr                    00000001800370ba f   libmx:libmx.dll
 0001:000360c0       mxCreateDoubleScalar       00000001800370c0 f   libmx:libmx.dll
 0001:000360c6       mxSetField_730             00000001800370c6 f   libmx:libmx.dll
 0001:000360cc       mxCreateDoubleMatrix_730   00000001800370cc f   libmx:libmx.dll
 0001:000360d2       mxCreateStructMatrix_730   00000001800370d2 f   libmx:libmx.dll
 0001:000360d8       mxDestroyArray             00000001800370d8 f   libmx:libmx.dll
 0001:000360de       mxCreateString             00000001800370de f   libmx:libmx.dll
 0001:000360e4       mxDuplicateArray           00000001800370e4 f   libmx:libmx.dll
 0001:000360ea       mxGetString_730            00000001800370ea f   libmx:libmx.dll
 0001:000360f0       mxIsChar                   00000001800370f0 f   libmx:libmx.dll
 0001:000360f6       mxGetClassID               00000001800370f6 f   libmx:libmx.dll
 0001:000360fc       mxIsNumeric                00000001800370fc f   libmx:libmx.dll
 0001:00036102       mxIsComplex                0000000180037102 f   libmx:libmx.dll
 0001:00036108       mxGetN                     0000000180037108 f   libmx:libmx.dll
 0001:0003610e       mxGetM                     000000018003710e f   libmx:libmx.dll
 0001:00036114       mxCalloc                   0000000180037114 f   libmx:libmx.dll
 0001:0003611a       mxGetScalar                000000018003711a f   libmx:libmx.dll
 0001:00036120       mxIsLogical                0000000180037120 f   libmx:libmx.dll
 0001:00036126       mxCreateDoubleMatrix_700   0000000180037126 f   libmx:libmx.dll
 0001:0003612c       mxFree                     000000018003712c f   libmx:libmx.dll
 0001:00036132       mxArrayToString            0000000180037132 f   libmx:libmx.dll
 0001:00036138       mxCreateCellMatrix_700     0000000180037138 f   libmx:libmx.dll
 0001:0003613e       mxSetCell_700              000000018003713e f   libmx:libmx.dll
 0001:00036144       mxGetCell_700              0000000180037144 f   libmx:libmx.dll
 0001:0003614a       mxGetClassName             000000018003714a f   libmx:libmx.dll
 0001:00036150       mxSetField_700             0000000180037150 f   libmx:libmx.dll
 0001:00036156       mxAddField                 0000000180037156 f   libmx:libmx.dll
 0001:0003615c       mxGetField_700             000000018003715c f   libmx:libmx.dll
 0001:00036162       mxGetNumberOfElements      0000000180037162 f   libmx:libmx.dll
 0001:00036168       mxIsStruct                 0000000180037168 f   libmx:libmx.dll
 0001:0003616e       mxIsClass                  000000018003716e f   libmx:libmx.dll
 0001:00036174       mxGetLogicals              0000000180037174 f   libmx:libmx.dll
 0001:0003617a       mxIsSparse                 000000018003717a f   libmx:libmx.dll
 0001:00036180       mxSetFieldByNumber_700     0000000180037180 f   libmx:libmx.dll
 0001:00036186       mxGetFieldByNumber_700     0000000180037186 f   libmx:libmx.dll
 0001:0003618c       mxGetFieldNameByNumber     000000018003718c f   libmx:libmx.dll
 0001:00036192       mxGetNumberOfFields        0000000180037192 f   libmx:libmx.dll
 0001:00036198       mxCreateStructMatrix_700   0000000180037198 f   libmx:libmx.dll
 0001:0003619e       mxGetFieldNumber           000000018003719e f   libmx:libmx.dll
 0001:000361a4       mxIsNaN                    00000001800371a4 f   libmx:libmx.dll
 0001:000361aa       mxIsEmpty                  00000001800371aa f   libmx:libmx.dll
 0001:000361b0       mxGetData                  00000001800371b0 f   libmx:libmx.dll
 0001:000361b6       mxGetImagData              00000001800371b6 f   libmx:libmx.dll
 0001:000361bc       mxArrayClassIDName         00000001800371bc f   libmx:libmx.dll
 0001:000361c2       mxCreateNumericMatrix_700  00000001800371c2 f   libmx:libmx.dll
 0001:000361c8       mxCreateStructArray_700    00000001800371c8 f   libmx:libmx.dll
 0001:000361ce       mxCalcSingleSubscript_700  00000001800371ce f   libmx:libmx.dll
 0001:000361d4       mxGetDimensions_700        00000001800371d4 f   libmx:libmx.dll
 0001:000361da       mxGetNumberOfDimensions_700 00000001800371da f   libmx:libmx.dll
 0001:000361e0       mxCreateNumericArray_700   00000001800371e0 f   libmx:libmx.dll
 0001:000361e6       mxGetElementSize           00000001800371e6 f   libmx:libmx.dll
 0001:000361ec       mxGetString_700            00000001800371ec f   libmx:libmx.dll
 0001:000361f2       mxIsLogicalScalarTrue      00000001800371f2 f   libmx:libmx.dll
 0001:000361f8       mxCreateLogicalScalar      00000001800371f8 f   libmx:libmx.dll
 0001:000361fe       mexUnlock                  00000001800371fe f   libmex:libmex.dll
 0001:00036204       mexIsLocked                0000000180037204 f   libmex:libmex.dll
 0001:0003620a       mexWarnMsgTxt              000000018003720a f   libmex:libmex.dll
 0001:00036210       mexCallMATLAB              0000000180037210 f   libmex:libmex.dll
 0001:00036216       mexErrMsgTxt               0000000180037216 f   libmex:libmex.dll
 0001:0003621c       mexSetTrapFlag             000000018003721c f   libmex:libmex.dll
 0001:00036222       mexMakeArrayPersistent     0000000180037222 f   libmex:libmex.dll
 0001:00036228       mexPutVariable             0000000180037228 f   libmex:libmex.dll
 0001:0003622e       mexGetVariable             000000018003722e f   libmex:libmex.dll
 0001:00036234       mexLock                    0000000180037234 f   libmex:libmex.dll
 0001:0003623a       mexMakeMemoryPersistent    000000018003723a f   libmex:libmex.dll
 0001:00036240       mexFunctionName            0000000180037240 f   libmex:libmex.dll
 0001:00036246       ssRegisterDataTypeFxpFSlopeFixExpBias 0000000180037246 f   libfixedpoint:libfixedpoint.dll
 0001:0003624c       utVSNprintf                000000018003724c f   libut:libut.dll
 0001:00036252       utCPUtime                  0000000180037252 f   libut:libut.dll
 0001:00036258       utFree                     0000000180037258 f   libut:libut.dll
 0001:0003625e       utMalloc                   000000018003725e f   libut:libut.dll
 0001:00036264       emlrtCheckBuiltInR2009a    0000000180037264 f   libemlrt:libemlrt.dll
 0001:0003626a       emlrtCheckVsBuiltInR2009a  000000018003726a f   libemlrt:libemlrt.dll
 0001:00036270       emlrtCheckEnumR2009a       0000000180037270 f   libemlrt:libemlrt.dll
 0001:00036276       emlrtCreateEnumR2010a      0000000180037276 f   libemlrt:libemlrt.dll
 0001:0003627c       emlrtGetEnumElementR2009a  000000018003727c f   libemlrt:libemlrt.dll
 0001:00036282       emlrtImportVsFiArrayR2009b 0000000180037282 f   libemlrt:libemlrt.dll
 0001:00036288       emlrtGetEnumUnderlyingArrayR2009a 0000000180037288 f   libemlrt:libemlrt.dll
 0001:0003628e       emlrtIsEnumR2009a          000000018003728e f   libemlrt:libemlrt.dll
 0001:00036294       strlen                     0000000180037294 f   MSVCRT:MSVCR90.dll
 0001:0003629a       memset                     000000018003729a f   MSVCRT:MSVCR90.dll
 0001:000362a0       malloc                     00000001800372a0 f   MSVCRT:MSVCR90.dll
 0001:000362a6       free                       00000001800372a6 f   MSVCRT:MSVCR90.dll
 0001:000362ac       __GSHandlerCheckCommon     00000001800372ac f   MSVCRT:gshandler.obj
 0001:00036310       __GSHandlerCheck           0000000180037310 f   MSVCRT:gshandler.obj
 0001:0003632e       strcmp                     000000018003732e f   MSVCRT:MSVCR90.dll
 0001:00036350       __security_check_cookie    0000000180037350 f   MSVCRT:amdsecgs.obj
 0001:00036370       sprintf                    0000000180037370 f   MSVCRT:MSVCR90.dll
 0001:00036376       strcat                     0000000180037376 f   MSVCRT:MSVCR90.dll
 0001:0003637c       memcpy                     000000018003737c f   MSVCRT:MSVCR90.dll
 0001:00036384       NtCurrentTeb               0000000180037384 f i MSVCRT:crtdll.obj
 0001:000363f0       _CRT_INIT                  00000001800373f0 f   MSVCRT:crtdll.obj
 0001:00036784       _DllMainCRTStartup         0000000180037784 f   MSVCRT:crtdll.obj
 0001:000367c2       strncpy                    00000001800377c2 f   MSVCRT:MSVCR90.dll
 0001:000367d0       longjmp                    00000001800377d0 f   MSVCRT:MSVCR90.dll
 0001:000367d6       strncmp                    00000001800377d6 f   MSVCRT:MSVCR90.dll
 0001:000367dc       ceil                       00000001800377dc f   MSVCRT:MSVCR90.dll
 0001:000367e2       strrchr                    00000001800377e2 f   MSVCRT:MSVCR90.dll
 0001:000367e8       _setjmp                    00000001800377e8 f   MSVCRT:MSVCR90.dll
 0001:000367ee       calloc                     00000001800377ee f   MSVCRT:MSVCR90.dll
 0001:000367f4       realloc                    00000001800377f4 f   MSVCRT:MSVCR90.dll
 0001:000367fa       ldexp                      00000001800377fa f   MSVCRT:MSVCR90.dll
 0001:00036800       __report_gsfailure         0000000180037800 f   MSVCRT:gs_report.obj
 0001:0003694c       __clean_type_info_names    000000018003794c f   MSVCRT:tncleanup.obj
 0001:00036958       _onexit                    0000000180037958 f   MSVCRT:atonexit.obj
 0001:00036a08       atexit                     0000000180037a08 f   MSVCRT:atonexit.obj
 0001:00036a20       _RTC_Initialize            0000000180037a20 f   MSVCRT:_initsect_.obj
 0001:00036a58       _RTC_Terminate             0000000180037a58 f   MSVCRT:_initsect_.obj
 0001:00036a90       _encode_pointer            0000000180037a90 f   MSVCRT:MSVCR90.dll
 0001:00036a96       _malloc_crt                0000000180037a96 f   MSVCRT:MSVCR90.dll
 0001:00036aa0       _ValidateImageBase         0000000180037aa0 f   MSVCRT:pesect.obj
 0001:00036ad0       _FindPESection             0000000180037ad0 f   MSVCRT:pesect.obj
 0001:00036b20       _IsNonwritableInCurrentImage 0000000180037b20 f   MSVCRT:pesect.obj
 0001:00036b62       _initterm                  0000000180037b62 f   MSVCRT:MSVCR90.dll
 0001:00036b68       _initterm_e                0000000180037b68 f   MSVCRT:MSVCR90.dll
 0001:00036b6e       _encoded_null              0000000180037b6e f   MSVCRT:MSVCR90.dll
 0001:00036b74       _decode_pointer            0000000180037b74 f   MSVCRT:MSVCR90.dll
 0001:00036b7a       _amsg_exit                 0000000180037b7a f   MSVCRT:MSVCR90.dll
 0001:00036b80       __C_specific_handler       0000000180037b80 f   MSVCRT:MSVCR90.dll
 0001:00036b86       __CppXcptFilter            0000000180037b86 f   MSVCRT:MSVCR90.dll
 0001:00036b8c       DllMain                    0000000180037b8c f   MSVCRT:dllmain.obj
 0001:00036bb0       __security_init_cookie     0000000180037bb0 f   MSVCRT:gs_support.obj
 0001:00036c64       __crt_debugger_hook        0000000180037c64 f   MSVCRT:MSVCR90.dll
 0001:00036c6a       __clean_type_info_names_internal 0000000180037c6a f   MSVCRT:MSVCR90.dll
 0001:00036c70       _unlock                    0000000180037c70 f   MSVCRT:MSVCR90.dll
 0001:00036c76       __dllonexit                0000000180037c76 f   MSVCRT:MSVCR90.dll
 0001:00036c7c       _lock                      0000000180037c7c f   MSVCRT:MSVCR90.dll
 0001:00036c82       Sleep                      0000000180037c82 f   kernel32:KERNEL32.dll
 0001:00036c88       TerminateProcess           0000000180037c88 f   kernel32:KERNEL32.dll
 0001:00036c8e       GetCurrentProcess          0000000180037c8e f   kernel32:KERNEL32.dll
 0001:00036c94       UnhandledExceptionFilter   0000000180037c94 f   kernel32:KERNEL32.dll
 0001:00036c9a       SetUnhandledExceptionFilter 0000000180037c9a f   kernel32:KERNEL32.dll
 0001:00036ca0       IsDebuggerPresent          0000000180037ca0 f   kernel32:KERNEL32.dll
 0001:00036ca6       RtlVirtualUnwind           0000000180037ca6 f   kernel32:KERNEL32.dll
 0001:00036cac       RtlLookupFunctionEntry     0000000180037cac f   kernel32:KERNEL32.dll
 0001:00036cb2       RtlCaptureContext          0000000180037cb2 f   kernel32:KERNEL32.dll
 0001:00036cb8       DisableThreadLibraryCalls  0000000180037cb8 f   kernel32:KERNEL32.dll
 0001:00036cbe       QueryPerformanceCounter    0000000180037cbe f   kernel32:KERNEL32.dll
 0001:00036cc4       GetTickCount               0000000180037cc4 f   kernel32:KERNEL32.dll
 0001:00036cca       GetCurrentThreadId         0000000180037cca f   kernel32:KERNEL32.dll
 0001:00036cd0       GetCurrentProcessId        0000000180037cd0 f   kernel32:KERNEL32.dll
 0001:00036cd6       GetSystemTimeAsFileTime    0000000180037cd6 f   kernel32:KERNEL32.dll
 0001:00036cf0       __chkstk                   0000000180037cf0 f   MSVCRT:chkstk.obj
 0001:00036cf0       _alloca_probe              0000000180037cf0     MSVCRT:chkstk.obj
 0002:00000000       __imp_GetSystemTimeAsFileTime 0000000180038000     kernel32:KERNEL32.dll
 0002:00000008       __imp_GetCurrentProcessId  0000000180038008     kernel32:KERNEL32.dll
 0002:00000010       __imp_GetCurrentThreadId   0000000180038010     kernel32:KERNEL32.dll
 0002:00000018       __imp_GetTickCount         0000000180038018     kernel32:KERNEL32.dll
 0002:00000020       __imp_QueryPerformanceCounter 0000000180038020     kernel32:KERNEL32.dll
 0002:00000028       __imp_DisableThreadLibraryCalls 0000000180038028     kernel32:KERNEL32.dll
 0002:00000030       __imp_RtlCaptureContext    0000000180038030     kernel32:KERNEL32.dll
 0002:00000038       __imp_RtlLookupFunctionEntry 0000000180038038     kernel32:KERNEL32.dll
 0002:00000040       __imp_RtlVirtualUnwind     0000000180038040     kernel32:KERNEL32.dll
 0002:00000048       __imp_IsDebuggerPresent    0000000180038048     kernel32:KERNEL32.dll
 0002:00000050       __imp_SetUnhandledExceptionFilter 0000000180038050     kernel32:KERNEL32.dll
 0002:00000058       __imp_UnhandledExceptionFilter 0000000180038058     kernel32:KERNEL32.dll
 0002:00000060       __imp_GetCurrentProcess    0000000180038060     kernel32:KERNEL32.dll
 0002:00000068       __imp_TerminateProcess     0000000180038068     kernel32:KERNEL32.dll
 0002:00000070       __imp_Sleep                0000000180038070     kernel32:KERNEL32.dll
 0002:00000078       \177KERNEL32_NULL_THUNK_DATA 0000000180038078     kernel32:KERNEL32.dll
 0002:00000080       __imp__onexit              0000000180038080     MSVCRT:MSVCR90.dll
 0002:00000088       __imp__lock                0000000180038088     MSVCRT:MSVCR90.dll
 0002:00000090       __imp___dllonexit          0000000180038090     MSVCRT:MSVCR90.dll
 0002:00000098       __imp__unlock              0000000180038098     MSVCRT:MSVCR90.dll
 0002:000000a0       __imp___clean_type_info_names_internal 00000001800380a0     MSVCRT:MSVCR90.dll
 0002:000000a8       __imp___crt_debugger_hook  00000001800380a8     MSVCRT:MSVCR90.dll
 0002:000000b0       __imp___CppXcptFilter      00000001800380b0     MSVCRT:MSVCR90.dll
 0002:000000b8       __imp___C_specific_handler 00000001800380b8     MSVCRT:MSVCR90.dll
 0002:000000c0       __imp__amsg_exit           00000001800380c0     MSVCRT:MSVCR90.dll
 0002:000000c8       __imp__decode_pointer      00000001800380c8     MSVCRT:MSVCR90.dll
 0002:000000d0       __imp__encoded_null        00000001800380d0     MSVCRT:MSVCR90.dll
 0002:000000d8       __imp__initterm_e          00000001800380d8     MSVCRT:MSVCR90.dll
 0002:000000e0       __imp__initterm            00000001800380e0     MSVCRT:MSVCR90.dll
 0002:000000e8       __imp__malloc_crt          00000001800380e8     MSVCRT:MSVCR90.dll
 0002:000000f0       __imp__encode_pointer      00000001800380f0     MSVCRT:MSVCR90.dll
 0002:000000f8       __imp_ldexp                00000001800380f8     MSVCRT:MSVCR90.dll
 0002:00000100       __imp_realloc              0000000180038100     MSVCRT:MSVCR90.dll
 0002:00000108       __imp_calloc               0000000180038108     MSVCRT:MSVCR90.dll
 0002:00000110       __imp__setjmp              0000000180038110     MSVCRT:MSVCR90.dll
 0002:00000118       __imp_strrchr              0000000180038118     MSVCRT:MSVCR90.dll
 0002:00000120       __imp_ceil                 0000000180038120     MSVCRT:MSVCR90.dll
 0002:00000128       __imp_strncmp              0000000180038128     MSVCRT:MSVCR90.dll
 0002:00000130       __imp_longjmp              0000000180038130     MSVCRT:MSVCR90.dll
 0002:00000138       __imp_strncpy              0000000180038138     MSVCRT:MSVCR90.dll
 0002:00000140       __imp_memcpy               0000000180038140     MSVCRT:MSVCR90.dll
 0002:00000148       __imp_strcat               0000000180038148     MSVCRT:MSVCR90.dll
 0002:00000150       __imp_sprintf              0000000180038150     MSVCRT:MSVCR90.dll
 0002:00000158       __imp_strcmp               0000000180038158     MSVCRT:MSVCR90.dll
 0002:00000160       __imp_free                 0000000180038160     MSVCRT:MSVCR90.dll
 0002:00000168       __imp_malloc               0000000180038168     MSVCRT:MSVCR90.dll
 0002:00000170       __imp_memset               0000000180038170     MSVCRT:MSVCR90.dll
 0002:00000178       __imp_strlen               0000000180038178     MSVCRT:MSVCR90.dll
 0002:00000180       \177MSVCR90_NULL_THUNK_DATA 0000000180038180     MSVCRT:MSVCR90.dll
 0002:00000188       __imp_emlrtIsEnumR2009a    0000000180038188     libemlrt:libemlrt.dll
 0002:00000190       __imp_emlrtGetEnumUnderlyingArrayR2009a 0000000180038190     libemlrt:libemlrt.dll
 0002:00000198       __imp_emlrtImportVsFiArrayR2009b 0000000180038198     libemlrt:libemlrt.dll
 0002:000001a0       __imp_emlrtGetEnumElementR2009a 00000001800381a0     libemlrt:libemlrt.dll
 0002:000001a8       __imp_emlrtCreateEnumR2010a 00000001800381a8     libemlrt:libemlrt.dll
 0002:000001b0       __imp_emlrtCheckVsBuiltInR2009a 00000001800381b0     libemlrt:libemlrt.dll
 0002:000001b8       __imp_emlrtCheckEnumR2009a 00000001800381b8     libemlrt:libemlrt.dll
 0002:000001c0       __imp_emlrtCheckBuiltInR2009a 00000001800381c0     libemlrt:libemlrt.dll
 0002:000001c8       \177libemlrt_NULL_THUNK_DATA 00000001800381c8     libemlrt:libemlrt.dll
 0002:000001d0       __imp_ssRegisterDataTypeFxpFSlopeFixExpBias 00000001800381d0     libfixedpoint:libfixedpoint.dll
 0002:000001d8       \177libfixedpoint_NULL_THUNK_DATA 00000001800381d8     libfixedpoint:libfixedpoint.dll
 0002:000001e0       __imp_mexSetTrapFlag       00000001800381e0     libmex:libmex.dll
 0002:000001e8       __imp_mexWarnMsgTxt        00000001800381e8     libmex:libmex.dll
 0002:000001f0       __imp_mexPutVariable       00000001800381f0     libmex:libmex.dll
 0002:000001f8       __imp_mexErrMsgTxt         00000001800381f8     libmex:libmex.dll
 0002:00000200       __imp_mexLock              0000000180038200     libmex:libmex.dll
 0002:00000208       __imp_mexMakeMemoryPersistent 0000000180038208     libmex:libmex.dll
 0002:00000210       __imp_mexFunctionName      0000000180038210     libmex:libmex.dll
 0002:00000218       __imp_mexGetVariable       0000000180038218     libmex:libmex.dll
 0002:00000220       __imp_mexCallMATLAB        0000000180038220     libmex:libmex.dll
 0002:00000228       __imp_mexIsLocked          0000000180038228     libmex:libmex.dll
 0002:00000230       __imp_mexUnlock            0000000180038230     libmex:libmex.dll
 0002:00000238       __imp_mexMakeArrayPersistent 0000000180038238     libmex:libmex.dll
 0002:00000240       \177libmex_NULL_THUNK_DATA 0000000180038240     libmex:libmex.dll
 0002:00000248       __imp_mxIsStruct           0000000180038248     libmx:libmx.dll
 0002:00000250       __imp_mxCreateDoubleScalar 0000000180038250     libmx:libmx.dll
 0002:00000258       __imp_mxSetField_730       0000000180038258     libmx:libmx.dll
 0002:00000260       __imp_mxCreateDoubleMatrix_730 0000000180038260     libmx:libmx.dll
 0002:00000268       __imp_mxCreateStructMatrix_730 0000000180038268     libmx:libmx.dll
 0002:00000270       __imp_mxCreateLogicalScalar 0000000180038270     libmx:libmx.dll
 0002:00000278       __imp_mxIsLogicalScalarTrue 0000000180038278     libmx:libmx.dll
 0002:00000280       __imp_mxGetString_700      0000000180038280     libmx:libmx.dll
 0002:00000288       __imp_mxGetElementSize     0000000180038288     libmx:libmx.dll
 0002:00000290       __imp_mxCreateNumericArray_700 0000000180038290     libmx:libmx.dll
 0002:00000298       __imp_mxGetNumberOfDimensions_700 0000000180038298     libmx:libmx.dll
 0002:000002a0       __imp_mxGetDimensions_700  00000001800382a0     libmx:libmx.dll
 0002:000002a8       __imp_mxCalcSingleSubscript_700 00000001800382a8     libmx:libmx.dll
 0002:000002b0       __imp_mxCreateStructArray_700 00000001800382b0     libmx:libmx.dll
 0002:000002b8       __imp_mxCreateNumericMatrix_700 00000001800382b8     libmx:libmx.dll
 0002:000002c0       __imp_mxArrayClassIDName   00000001800382c0     libmx:libmx.dll
 0002:000002c8       __imp_mxGetImagData        00000001800382c8     libmx:libmx.dll
 0002:000002d0       __imp_mxGetData            00000001800382d0     libmx:libmx.dll
 0002:000002d8       __imp_mxIsEmpty            00000001800382d8     libmx:libmx.dll
 0002:000002e0       __imp_mxIsNaN              00000001800382e0     libmx:libmx.dll
 0002:000002e8       __imp_mxGetFieldNumber     00000001800382e8     libmx:libmx.dll
 0002:000002f0       __imp_mxCreateStructMatrix_700 00000001800382f0     libmx:libmx.dll
 0002:000002f8       __imp_mxGetNumberOfFields  00000001800382f8     libmx:libmx.dll
 0002:00000300       __imp_mxGetFieldNameByNumber 0000000180038300     libmx:libmx.dll
 0002:00000308       __imp_mxGetFieldByNumber_700 0000000180038308     libmx:libmx.dll
 0002:00000310       __imp_mxSetFieldByNumber_700 0000000180038310     libmx:libmx.dll
 0002:00000318       __imp_mxIsSparse           0000000180038318     libmx:libmx.dll
 0002:00000320       __imp_mxGetLogicals        0000000180038320     libmx:libmx.dll
 0002:00000328       __imp_mxIsClass            0000000180038328     libmx:libmx.dll
 0002:00000330       __imp_mxGetPr              0000000180038330     libmx:libmx.dll
 0002:00000338       __imp_mxGetNumberOfElements 0000000180038338     libmx:libmx.dll
 0002:00000340       __imp_mxGetField_700       0000000180038340     libmx:libmx.dll
 0002:00000348       __imp_mxAddField           0000000180038348     libmx:libmx.dll
 0002:00000350       __imp_mxSetField_700       0000000180038350     libmx:libmx.dll
 0002:00000358       __imp_mxGetClassName       0000000180038358     libmx:libmx.dll
 0002:00000360       __imp_mxGetCell_700        0000000180038360     libmx:libmx.dll
 0002:00000368       __imp_mxSetCell_700        0000000180038368     libmx:libmx.dll
 0002:00000370       __imp_mxCreateCellMatrix_700 0000000180038370     libmx:libmx.dll
 0002:00000378       __imp_mxArrayToString      0000000180038378     libmx:libmx.dll
 0002:00000380       __imp_mxFree               0000000180038380     libmx:libmx.dll
 0002:00000388       __imp_mxCreateDoubleMatrix_700 0000000180038388     libmx:libmx.dll
 0002:00000390       __imp_mxIsLogical          0000000180038390     libmx:libmx.dll
 0002:00000398       __imp_mxGetScalar          0000000180038398     libmx:libmx.dll
 0002:000003a0       __imp_mxCalloc             00000001800383a0     libmx:libmx.dll
 0002:000003a8       __imp_mxGetM               00000001800383a8     libmx:libmx.dll
 0002:000003b0       __imp_mxGetN               00000001800383b0     libmx:libmx.dll
 0002:000003b8       __imp_mxIsComplex          00000001800383b8     libmx:libmx.dll
 0002:000003c0       __imp_mxIsNumeric          00000001800383c0     libmx:libmx.dll
 0002:000003c8       __imp_mxGetClassID         00000001800383c8     libmx:libmx.dll
 0002:000003d0       __imp_mxIsChar             00000001800383d0     libmx:libmx.dll
 0002:000003d8       __imp_mxGetString_730      00000001800383d8     libmx:libmx.dll
 0002:000003e0       __imp_mxDuplicateArray     00000001800383e0     libmx:libmx.dll
 0002:000003e8       __imp_mxCreateString       00000001800383e8     libmx:libmx.dll
 0002:000003f0       __imp_mxDestroyArray       00000001800383f0     libmx:libmx.dll
 0002:000003f8       \177libmx_NULL_THUNK_DATA  00000001800383f8     libmx:libmx.dll
 0002:00000400       __imp_utCPUtime            0000000180038400     libut:libut.dll
 0002:00000408       __imp_utFree               0000000180038408     libut:libut.dll
 0002:00000410       __imp_utMalloc             0000000180038410     libut:libut.dll
 0002:00000418       __imp_utVSNprintf          0000000180038418     libut:libut.dll
 0002:00000420       \177libut_NULL_THUNK_DATA  0000000180038420     libut:libut.dll
 0002:00000428       __xc_a                     0000000180038428     MSVCRT:cinitexe.obj
 0002:00000430       __xc_z                     0000000180038430     MSVCRT:cinitexe.obj
 0002:00000438       __xi_a                     0000000180038438     MSVCRT:cinitexe.obj
 0002:00000448       __xi_z                     0000000180038448     MSVCRT:cinitexe.obj
 0002:00000450       __real@41c1690b02000000    0000000180038450     c2_MFunction.obj
 0002:00000458       __real@41d39d4ec0400000    0000000180038458     c2_MFunction.obj
 0002:00000460       __real@41c29aefe0000000    0000000180038460     c2_MFunction.obj
 0002:00000468       __real@41d56790a7000000    0000000180038468     c2_MFunction.obj
 0002:00000470       __real@4024000000000000    0000000180038470     c2_MFunction.obj
 0002:00000478       __real@3ff0000000000000    0000000180038478     c2_MFunction.obj
 0002:00000480       __real@41c7662bc3000000    0000000180038480     c2_MFunction.obj
 0002:00000488       __real@41d0ca8bb9000000    0000000180038488     c2_MFunction.obj
 0002:00000490       __real@41e54ccc7f400000    0000000180038490     c2_MFunction.obj
 0002:00000498       __real@41a515994a000000    0000000180038498     c2_MFunction.obj
 0002:000004a0       __real@4000000000000000    00000001800384a0     c2_MFunction.obj
 0002:000004b0       DYNAMIC_DIMENSION_DEF      00000001800384b0     MFunction_sfun_registry.obj
 0002:000004d0       _ssBadLevel2InputAccessMsg 00000001800384d0     MFunction_sfun_registry.obj
 0002:00000660       _ssBadLevel2DirectFeedMsg  0000000180038660     MFunction_sfun_registry.obj
 0002:000007a0       _ssBadLevel2DirectFeedSolutionMsg 00000001800387a0     MFunction_sfun_registry.obj
 0002:00000810       _ssBadLevel2ZeroDirectFeedMsg 0000000180038810     MFunction_sfun_registry.obj
 0002:00000950       _ssBadLevel2ZeroDirectFeedMsg2 0000000180038950     MFunction_sfun_registry.obj
 0002:00000a38       __real@bff0000000000000    0000000180038a38     MFunction_sfun_registry.obj
[...]
 0001:000097e0       sf_mex_err                 000000018000a7e0 f   sfc_mex:sfc_mex.obj
 0001:00009800       sf_error_dimension_out_of_bound 000000018000a800 f   sfc_mex:sfc_mex.obj
 0001:00009830       sf_mex_check_and_set_actual_dimensions 000000018000a830 f   sfc_mex:sfc_mex.obj
 0001:0000a9f0       size_mismatch_error        000000018000b9f0 f   sfc_mex:sfc_mex.obj
 0001:0000b530       check_array_dimensions     000000018000c530 f   sfc_mex:sfc_mex.obj
 0001:0000b5a0       check_input_mxarray        000000018000c5a0 f   sfc_mex:sfc_mex.obj
 0001:0000bd40       sf_numeric_value_to_double 000000018000cd40 f   sfc_mex:sfc_mex.obj
 0001:0000bd90       ml_generic_out_of_bounds_check 000000018000cd90 f   sfc_mex:sfc_mex.obj
 0001:0000bee0       ml_get_element_value_from_array 000000018000cee0 f   sfc_mex:sfc_mex.obj
 0001:0000c1e0       _ml_generic_castability_check 000000018000d1e0 f   sfc_mex:sfc_mex.obj
 0001:0000cdb0       ml_generic_castability_check 000000018000ddb0 f   sfc_mex:sfc_mex.obj
 0001:0000ce50       ml_check_mx_array_for_single_castability 000000018000de50 f   sfc_mex:sfc_mex.obj
 0001:0000cef0       ml_check_mx_array_for_logical_castability 000000018000def0 f   sfc_mex:sfc_mex.obj
 0001:0000cf90       ml_check_mx_array_for_int8_castability 000000018000df90 f   sfc_mex:sfc_mex.obj
 0001:0000d040       ml_check_mx_array_for_uint8_castability 000000018000e040 f   sfc_mex:sfc_mex.obj
 0001:0000d0e0       ml_check_mx_array_for_int16_castability 000000018000e0e0 f   sfc_mex:sfc_mex.obj
 0001:0000d180       ml_check_mx_array_for_uint16_castability 000000018000e180 f   sfc_mex:sfc_mex.obj
 0001:0000d220       ml_check_mx_array_for_int32_castability 000000018000e220 f   sfc_mex:sfc_mex.obj
 0001:0000d2c0       ml_check_mx_array_for_uint32_castability 000000018000e2c0 f   sfc_mex:sfc_mex.obj
 0001:0000d360       ml_check_mx_array_for_castability 000000018000e360 f   sfc_mex:sfc_mex.obj
 0001:0000db30       set_data_value             000000018000eb30 f   sfc_mex:sfc_mex.obj
 0001:0000de80       get_data_value             000000018000ee80 f   sfc_mex:sfc_mex.obj
 0001:0000df70       get_next_element_address   000000018000ef70 f   sfc_mex:sfc_mex.obj
 0001:0000e040       sf_normalize_index         000000018000f040 f   sfc_mex:sfc_mex.obj
 0001:0000e3d0       ml_array_index_bound_check 000000018000f3d0 f   sfc_mex:sfc_mex.obj
 0001:0000efe0       mx_value                   000000018000ffe0 f   sfc_mex:sfc_mex.obj
 0001:0000f030       sf_create_numeric_array    0000000180010030 f   sfc_mex:sfc_mex.obj
 0001:0000f0d0       sf_mex_assign_to_mx_array  00000001800100d0 f   sfc_mex:sfc_mex.obj
 0001:0000faf0       assign_from_mx_array       0000000180010af0 f   sfc_mex:sfc_mex.obj
 0001:00010d70       get_machine_and_chart_file_number 0000000180011d70 f   sfc_mex:sfc_sf.obj
 0001:00010e60       get_sfun_block_specialization 0000000180011e60 f   sfc_mex:sfc_sf.obj
 0001:00010ee0       call_sf_machine_global_method_dispatcher 0000000180011ee0 f   sfc_mex:sfc_sf.obj
 0001:00011150       mdl_zeroCrossings_processing 0000000180012150 f   sfc_mex:sfc_sf.obj
 0001:00011220       mdl_derivatives_processing 0000000180012220 f   sfc_mex:sfc_sf.obj
 0001:000114e0       mdl_outputs_continuous_legacy 00000001800124e0 f   sfc_mex:sfc_sf.obj
 0001:00011560       mdl_outputs_processing     0000000180012560 f   sfc_mex:sfc_sf.obj
 0001:00011860       mdl_enable_processing      0000000180012860 f   sfc_mex:sfc_sf.obj
 0001:00011930       mdl_disable_processing     0000000180012930 f   sfc_mex:sfc_sf.obj
 0001:00012200       write_symbol_mapping       0000000180013200 f   sfc_mex:sfc_sf.obj
 0001:00012900       sf_call_output_fcn_enable_disable 0000000180013900 f   sfc_mex:sfc_sf.obj
 0001:00012b80       set_dwork_information_from_mx_array 0000000180013b80 f   sfc_mex:sfc_sf.obj
 0001:000132c0       get_dwork_info_from_mat_file 00000001800142c0 f   sfc_mex:sfc_sf.obj
 0001:000133d0       ptr2mxStruct               00000001800143d0 f   sfc_mex:sfc_sf.obj
 0001:00013950       SNPRINTF_WRAPPER           0000000180014950 f   sfc_debug:sfcdebug.obj
 0001:00013970       sf_debug_chart_instance_initialized_quick 0000000180014970 f   sfc_debug:sfcdebug.obj
 0001:00013980       sf_debug_chart_instance_initialized 0000000180014980 f   sfc_debug:sfcdebug.obj
 0001:00013b20       sfrtAddSize                0000000180014b20 f   sfc_debug:sfcdebug.obj
 0001:00013be0       sfrtGenSizeString          0000000180014be0 f   sfc_debug:sfcdebug.obj
 0001:00014360       sf_debug_sim_status_listener 0000000180015360 f   sfc_debug:sfcdebug.obj
 0001:000148d0       sf_debug_form_mask_bits    00000001800158d0 f   sfc_debug:sfcdebug.obj
 0001:00014910       sf_debug_form_sf_data_type_offsets 0000000180015910 f   sfc_debug:sfcdebug.obj
 0001:000149d0       sf_debug_free_all          00000001800159d0 f   sfc_debug:sfcdebug.obj
 0001:00014b60       sf_debug_append_debugger_context 0000000180015b60 f   sfc_debug:sfcdebug.obj
 0001:00014e20       local_strdup               0000000180015e20 f   sfc_debug:sfcdebug.obj
 0001:00015c50       sf_debug_em_terminate      0000000180016c50 f   sfc_debug:sfcdebug.obj
 0001:00015c90       sf_debug_push_eml_function 0000000180016c90 f   sfc_debug:sfcdebug.obj
 0001:00015d30       sf_debug_pop_eml_function  0000000180016d30 f   sfc_debug:sfcdebug.obj
 0001:000169f0       sf_debug_get_machine_number_from_id_or_name 00000001800179f0 f   sfc_debug:sfcdebug.obj
 0001:00016b40       sf_debug_get_chart_number_from_id 0000000180017b40 f   sfc_debug:sfcdebug.obj
 0001:000177f0       sf_debug_transfer_control_to_debugger_GUI 00000001800187f0 f   sfc_debug:sfcdebug.obj
 0001:000187e0       sf_debug_scripts_rehash    00000001800197e0 f   sfc_debug:sfcdebug.obj
 0001:00018a30       sf_debug_get_script_line_count 0000000180019a30 f   sfc_debug:sfcdebug.obj
 0001:00019180       cv_eml_state_cvId          000000018001a180 f   sfc_debug:sfcdebug.obj
 0001:0001a6a0       sf_debug_data_array_bounds_error 000000018001b6a0 f   sfc_debug:sfcdebug.obj
 0001:0001aaa0       sf_debug_runtime_error     000000018001baa0 f   sfc_debug:sfcdebug.obj
 0001:0001ac50       sf_debug_matlab_error      000000018001bc50 f   sfc_debug:sfcdebug.obj
 0001:0001b450       sf_debug_data_value_error  000000018001c450 f   sfc_debug:sfcdebug.obj
 0001:0001bd10       sf_debug_data_loss_error   000000018001cd10 f   sfc_debug:sfcdebug.obj
 0001:0001c920       call_cv_range_check        000000018001d920 f   sfc_debug:sfcdebug.obj
 0001:0001d220       sf_debug_invoke_cycle_detection_code 000000018001e220 f   sfc_debug:sfcdebug.obj
 0001:0001e080       sf_reset_debug_info_struct 000000018001f080 f   sfc_debug:sfcdebug.obj
 0001:0001eb40       cv_script_cvId             000000018001fb40 f   sfc_debug:sfcdebug.obj
 0001:0001ffc0       sfc_api_chart_visible      0000000180020fc0 f   sfc_debug:sfc_api.obj
 0001:00020040       sfc_api_active_instance    0000000180021040 f   sfc_debug:sfc_api.obj
 0001:000200c0       sfc_api_machine_load       00000001800210c0 f   sfc_debug:sfc_api.obj
 0001:00020190       sfc_api_debugger_alive     0000000180021190 f   sfc_debug:sfc_api.obj
 0001:000201a0       sfc_api_go                 00000001800211a0 f   sfc_debug:sfc_api.obj
 0001:000201b0       sfc_api_step_over          00000001800211b0 f   sfc_debug:sfc_api.obj
 0001:000201c0       sfc_api_step_out           00000001800211c0 f   sfc_debug:sfc_api.obj
 0001:000201d0       sfc_api_resume             00000001800211d0 f   sfc_debug:sfc_api.obj
 0001:000201e0       sfc_api_break              00000001800211e0 f   sfc_debug:sfc_api.obj
 0001:000201f0       sfc_api_stop_debugging     00000001800211f0 f   sfc_debug:sfc_api.obj
 0001:00020240       sfc_api_is_cycle_detected  0000000180021240 f   sfc_debug:sfc_api.obj
 0001:00020290       sfc_api_is_array_bounds_detected 0000000180021290 f   sfc_debug:sfc_api.obj
 0001:000202e0       sfc_api_set_disable_all_breakpoints 00000001800212e0 f   sfc_debug:sfc_api.obj
 0001:00020350       sfc_api_disable_all_breakpoints_and_go 0000000180021350 f   sfc_debug:sfc_api.obj
 0001:00020360       sfc_api_close              0000000180021360 f   sfc_debug:sfc_api.obj
 0001:00020370       sfc_api_browse_data        0000000180021370 f   sfc_debug:sfc_api.obj
 0001:000203e0       sfc_api_watch_data         00000001800213e0 f   sfc_debug:sfc_api.obj
 0001:00020480       sfc_api_whos               0000000180021480 f   sfc_debug:sfc_api.obj
 0001:00020510       sfc_api_get_consistency_info 0000000180021510 f   sfc_debug:sfc_api.obj
 0001:00020520       sfc_api_browse_trace       0000000180021520 f   sfc_debug:sfc_api.obj
 0001:00020530       sfc_api_break_on_chart_entry 0000000180021530 f   sfc_debug:sfc_api.obj
 0001:00020550       sfc_api_break_on_event_broadcast 0000000180021550 f   sfc_debug:sfc_api.obj
 0001:00020570       sfc_api_break_on_state_entry 0000000180021570 f   sfc_debug:sfc_api.obj
 0001:00020590       sfc_api_set_watch          0000000180021590 f   sfc_debug:sfc_api.obj
 0001:00020630       sfc_api_set_breakpoints    0000000180021630 f   sfc_debug:sfc_api.obj
 0001:000206d0       sfc_api_set_eml_breakpoints 00000001800216d0 f   sfc_debug:sfc_api.obj
 0001:00020750       sfc_api_set_script_breakpoints 0000000180021750 f   sfc_debug:sfc_api.obj
 0001:000207a0       sfc_api_add_script_breakpoints 00000001800217a0 f   sfc_debug:sfc_api.obj
 0001:000207f0       sfc_api_clear_script_breakpoints 00000001800217f0 f   sfc_debug:sfc_api.obj
 0001:00020840       sfc_api_query_script_breakpoints 0000000180021840 f   sfc_debug:sfc_api.obj
 0001:000208a0       sfc_api_get_script_id      00000001800218a0 f   sfc_debug:sfc_api.obj
 0001:00020960       sfc_api_get_active_states  0000000180021960 f   sfc_debug:sfc_api.obj
 0001:000209e0       sfc_api_break_between_times 00000001800219e0 f   sfc_debug:sfc_api.obj
 0001:00020a40       sfc_api_get_instance_handle 0000000180021a40 f   sfc_debug:sfc_api.obj
 0001:00020af0       sfc_api_get_coverage       0000000180021af0 f   sfc_debug:sfc_api.obj
 0001:00020b70       sfc_api_set_animation      0000000180021b70 f   sfc_debug:sfc_api.obj
 0001:00020bc0       sfc_api_select_chart       0000000180021bc0 f   sfc_debug:sfc_api.obj
 0001:00020c20       sfc_api_select_charts      0000000180021c20 f   sfc_debug:sfc_api.obj
 0001:00020c50       sfc_api_cycle_detection_check 0000000180021c50 f   sfc_debug:sfc_api.obj
 0001:00020ca0       sfc_api_data_range_check   0000000180021ca0 f   sfc_debug:sfc_api.obj
 0001:00020cf0       sfc_api_transition_conflict_check 0000000180021cf0 f   sfc_debug:sfc_api.obj
 0001:00020d40       sfc_api_state_consistency_check 0000000180021d40 f   sfc_debug:sfc_api.obj
 0001:00020d90       sfc_api_set_instance_cv_ids 0000000180021d90 f   sfc_debug:sfc_api.obj
 0001:00020ea0       sfc_api_set_script_cv_ids  0000000180021ea0 f   sfc_debug:sfc_api.obj
 0001:00020f40       sfc_api_get_current_machine_id 0000000180021f40 f   sfc_debug:sfc_api.obj
 0001:00020f70       sfc_api_get_current_machine_number 0000000180021f70 f   sfc_debug:sfc_api.obj
 0001:00020fa0       sfc_api_get_current_chart_number 0000000180021fa0 f   sfc_debug:sfc_api.obj
 0001:00020fd0       sfc_api_get_current_instance_number 0000000180021fd0 f   sfc_debug:sfc_api.obj
 0001:00021000       sfc_api_get_current_instance_handle 0000000180022000 f   sfc_debug:sfc_api.obj
 0001:00021020       sfc_api_get_current_is_minor_time_step 0000000180022020 f   sfc_debug:sfc_api.obj
 0001:00021050       sfc_api_get_current_machine_name 0000000180022050 f   sfc_debug:sfc_api.obj
 0001:00021070       sfc_api_get_current_chart_id 0000000180022070 f   sfc_debug:sfc_api.obj
 0001:000210a0       sfc_api_get_current_object_type 00000001800220a0 f   sfc_debug:sfc_api.obj
 0001:000210d0       sfc_api_get_current_event_type 00000001800220d0 f   sfc_debug:sfc_api.obj
 0001:00021100       sfc_api_get_current_object_id 0000000180022100 f   sfc_debug:sfc_api.obj
 0001:00021130       sfc_get_current_active_event_type 0000000180022130 f   sfc_debug:sfc_api.obj
 0001:00021160       sfc_api_get_current_active_event_id 0000000180022160 f   sfc_debug:sfc_api.obj
 0001:00021190       sfc_api_get_current_simulation_time 0000000180022190 f   sfc_debug:sfc_api.obj
 0001:000211b0       sfc_get_current_tag_type   00000001800221b0 f   sfc_debug:sfc_api.obj
 0001:000211e0       sfc_get_current_coverage_percentage 00000001800221e0 f   sfc_debug:sfc_api.obj
 0001:00021200       sfc_get_current_statement_context 0000000180022200 f   sfc_debug:sfc_api.obj
 0001:00021220       sfc_get_current_optional_integer 0000000180022220 f   sfc_debug:sfc_api.obj
 0001:00021240       sfc_get_current_statement_info 0000000180022240 f   sfc_debug:sfc_api.obj
 0001:000212e0       sfc_api_get                00000001800222e0 f   sfc_debug:sfc_api.obj
 0001:00021f00       sf_debug_sm_fill_state_activity_data 0000000180022f00 f   sfc_debug:sfdb_animation.obj
 0001:00024510       sf_debug_hm_get_simulink_handle 0000000180025510 f   sfc_debug:sfdb_handle_management.obj
 0001:00024d40       sf_debug_hm_initialize_globals 0000000180025d40 f   sfc_debug:sfdb_handle_management.obj
 0001:00024e40       sf_debug_hm_get_machine_debug_flag 0000000180025e40 f   sfc_debug:sfdb_handle_management.obj
 0001:00024fb0       sf_debug_hm_get_machine_id 0000000180025fb0 f   sfc_debug:sfdb_handle_management.obj
 0001:000250d0       sf_debug_hm_get_chart_id   00000001800260d0 f   sfc_debug:sfdb_handle_management.obj
 0001:00025270       sf_debug_hm_register_executing_SFunction 0000000180026270 f   sfc_debug:sfdb_handle_management.obj
 0001:00025400       sf_debug_hm_get_chart_active_instance 0000000180026400 f   sfc_debug:sfdb_handle_management.obj
 0001:00025570       sf_debug_hm_get_chart_visibility 0000000180026570 f   sfc_debug:sfdb_handle_management.obj
 0001:000256c0       sf_debug_hm_form_object_boolean_properties 00000001800266c0 f   sfc_debug:sfdb_handle_management.obj
 0001:00025990       sf_debug_hm_form_object_properties 0000000180026990 f   sfc_debug:sfdb_handle_management.obj
 0001:00025bd0       sf_debug_hm_terminate_charts 0000000180026bd0 f   sfc_debug:sfdb_handle_management.obj
 0001:000262e0       sf_debug_hm_terminate_machines 00000001800272e0 f   sfc_debug:sfdb_handle_management.obj
 0001:000283d0       void_ptr_stack_vector_free_total 00000001800293d0 f   sfc_debug:sfdb_data_browse.obj
 0001:00028460       sf_debug_st_terminate_machine 0000000180029460 f   sfc_debug:sfdb_data_browse.obj
 0001:00028590       sf_debug_st_terminate_instance 0000000180029590 f   sfc_debug:sfdb_data_browse.obj
 0001:00028a40       push_on_to_void_ptr_stack  0000000180029a40 f   sfc_debug:sfdb_data_browse.obj
 0001:00028bd0       pop_from_void_ptr_stack    0000000180029bd0 f   sfc_debug:sfdb_data_browse.obj
 0001:00028d00       sf_debug_st_get_data_value 0000000180029d00 f   sfc_debug:sfdb_data_browse.obj
 0001:00029230       mx_value                   000000018002a230 f   sfc_debug:sfdb_data_browse.obj
 0001:00029270       sf_debug_st_fill_data_struct 000000018002a270 f   sfc_debug:sfdb_data_browse.obj
 0001:000295b0       data_type_format_strings   000000018002a5b0 f   sfc_debug:sfdb_data_browse.obj
 0001:00029660       sf_debug_st_fill_data      000000018002a660 f   sfc_debug:sfdb_data_browse.obj
 0001:0002a8c0       sf_debug_ss_copy_dimension 000000018002b8c0 f   sfc_debug:sfdb_symbol_scope.obj
 0001:0002a980       sf_debug_ss_get_number_elements 000000018002b980 f   sfc_debug:sfdb_symbol_scope.obj
 0001:0002a9a0       sf_debug_ss_fill_data_struct 000000018002b9a0 f   sfc_debug:sfdb_symbol_scope.obj
 0001:0002acf0       sf_debug_ss_reset_data_info 000000018002bcf0 f   sfc_debug:sfdb_symbol_scope.obj
 0001:0002ad50       sf_debug_fill_data_info_by_symbol_scope_entry 000000018002bd50 f   sfc_debug:sfdb_symbol_scope.obj
 0001:0002ae00       sf_debug_fill_data_info_by_data_vector 000000018002be00 f   sfc_debug:sfdb_symbol_scope.obj
 0001:0002b030       sf_debug_ss_get_data_info  000000018002c030 f   sfc_debug:sfdb_symbol_scope.obj
 0001:0002b420       sf_debug_ss_get_data_value 000000018002c420 f   sfc_debug:sfdb_symbol_scope.obj
 0001:0002b8b0       sf_debug_ss_data_bytes_string 000000018002c8b0 f   sfc_debug:sfdb_symbol_scope.obj
 0001:0002b960       sf_debug_ss_data_class_string 000000018002c960 f   sfc_debug:sfdb_symbol_scope.obj
 0001:0002bcf0       sf_debug_ss_data_size_string 000000018002ccf0 f   sfc_debug:sfdb_symbol_scope.obj
 0001:0002bdd0       sf_debug_ss_data_create_data_info_struct 000000018002cdd0 f   sfc_debug:sfdb_symbol_scope.obj
 0001:0002c030       sf_debug_ss_data_create_name_value_pair 000000018002d030 f   sfc_debug:sfdb_symbol_scope.obj
 0001:0002c0d0       sf_debug_ss_data_get_whos_info 000000018002d0d0 f   sfc_debug:sfdb_symbol_scope.obj
 0001:0002c190       same_named_data_in_data_array 000000018002d190 f   sfc_debug:sfdb_symbol_scope.obj
 0001:0002db80       sf_debug_cc_terminate_chart 000000018002eb80 f   sfc_debug:sfdb_coverage.obj
 0001:0002df20       sf_debug_cc_terminate_instance 000000018002ef20 f   sfc_debug:sfdb_coverage.obj
 0001:0002eb20       sf_debug_cc_mark_object_if_needed 000000018002fb20 f   sfc_debug:sfdb_coverage.obj
 0001:0002f280       sf_debug_cc_fill_transition_coverage_data 0000000180030280 f   sfc_debug:sfdb_coverage.obj
 0001:0002f410       sf_debug_cc_fill_transition_coverage_map 0000000180030410 f   sfc_debug:sfdb_coverage.obj
 0001:0002f6c0       sf_debug_cc_fill_state_coverage_map 00000001800306c0 f   sfc_debug:sfdb_coverage.obj
 0001:0002f910       sf_debug_cc_fill_state_coverage_data 0000000180030910 f   sfc_debug:sfdb_coverage.obj
 0001:00030540       sf_debug_bm_initialize_eml 0000000180031540 f   sfc_debug:sfdb_breakpoints.obj
 0001:000316a0       sf_debug_bm_map_debug_tag_to_breakpoint_tag 00000001800326a0 f   sfc_debug:sfdb_breakpoints.obj
 0001:00031780       sf_debug_bm_is_a_eml_breakpoint_impl 0000000180032780 f   sfc_debug:sfdb_breakpoints.obj
 0001:000333e0       sf_debug_sc_push_on_error_stack 00000001800343e0 f   sfc_debug:sfdb_state_consistency.obj
 0001:00033510       sf_debug_sc_reset_error_stack 0000000180034510 f   sfc_debug:sfdb_state_consistency.obj
 0001:000336a0       sf_debug_sc_is_state_inconsistent 00000001800346a0 f   sfc_debug:sfdb_state_consistency.obj
 0001:000339a0       sf_debug_sc_fill_consistency_info 00000001800349a0 f   sfc_debug:sfdb_state_consistency.obj
 0001:00033f50       void_assertion_fcn         0000000180034f50 f   sfc_debug:sfdb_call_stack.obj
 0001:000344e0       sf_debug_tm_fill_local_trace 00000001800354e0 f   sfc_debug:sfdb_call_stack.obj
 0001:00034a80       sf_debug_cd_terminate_instance 0000000180035a80 f   sfc_debug:sfdb_cycle_detection.obj
 0001:00034ae0       sf_debug_cd_free_checksum_stack 0000000180035ae0 f   sfc_debug:sfdb_cycle_detection.obj
 0001:00034b30       sf_debug_cd_reset_pack_strings 0000000180035b30 f   sfc_debug:sfdb_cycle_detection.obj
 0001:000351f0       md5file_clear              00000001800361f0 f   sfc_debug:ckmd5.obj
 0001:00035220       Encode                     0000000180036220 f   sfc_debug:ckmd5.obj
 0001:00035270       Decode                     0000000180036270 f   sfc_debug:ckmd5.obj
 0001:00035310       MD5Transform               0000000180036310 f   sfc_debug:ckmd5.obj
 0001:00035b60       md5file_addn               0000000180036b60 f   sfc_debug:ckmd5.obj
 0001:00035c30       md5file_hash               0000000180036c30 f   sfc_debug:ckmd5.obj
 0001:00036390       pre_c_init                 0000000180037390 f   MSVCRT:crtdll.obj
 0001:0003664c       __DllMainCRTStartup        000000018003764c f   MSVCRT:crtdll.obj
 0001:00036d40       __DllMainCRTStartup$filt$0 0000000180037d40 f   MSVCRT:crtdll.obj
 0001:00036d70       __DllMainCRTStartup$fin$1  0000000180037d70 f   MSVCRT:crtdll.obj
 0001:00036d89       _onexit$fin$0              0000000180037d89 f   MSVCRT:atonexit.obj
 0001:00036db0       _IsNonwritableInCurrentImage$filt$0 0000000180037db0 f   MSVCRT:pesect.obj
