******************************************************************************
             TMS320C2000 Linker PC v16.9.1                     
******************************************************************************
>> Linked Fri Sep 01 19:57:11 2017

OUTPUT FILE NAME:   <F2837x_i2c_tmp006.out>
ENTRY POINT SYMBOL: "_c_int00"  address: 0000b428


MEMORY CONFIGURATION

         name            origin    length      used     unused   attr    fill
----------------------  --------  ---------  --------  --------  ----  --------
PAGE 0:
  BEGIN                 00000000   00000002  00000000  00000002  RWIX
  RAMM0                 00000122   000002de  000002de  00000000  RWIX
  RAMLS0                00008000   00000800  00000019  000007e7  RWIX
  RAMLS1                00008800   00000800  00000000  00000800  RWIX
  RAMLS2                00009000   00000800  00000000  00000800  RWIX
  RAMLS3                00009800   00000800  00000000  00000800  RWIX
  RAMLS4                0000a000   00000800  00000000  00000800  RWIX
  RAMD0                 0000b000   00000800  00000800  00000000  RWIX
  RESET                 003fffc0   00000002  00000000  00000002  RWIX

PAGE 1:
  BOOT_RSVD             00000002   00000120  00000000  00000120  RWIX
  RAMM1                 00000400   00000400  00000100  00000300  RWIX
  RAMLS5                0000a800   00000800  000002d1  0000052f  RWIX
  RAMD1                 0000b800   00000800  00000000  00000800  RWIX
  RAMGS0                0000c000   00001000  00000000  00001000  RWIX
  RAMGS1                0000d000   00001000  00000000  00001000  RWIX
  RAMGS2                0000e000   00001000  00000000  00001000  RWIX
  RAMGS3                0000f000   00001000  00000000  00001000  RWIX
  RAMGS4                00010000   00001000  00000000  00001000  RWIX
  RAMGS5                00011000   00001000  00000000  00001000  RWIX
  RAMGS6                00012000   00001000  00000000  00001000  RWIX
  RAMGS7                00013000   00001000  00000000  00001000  RWIX
  RAMGS8                00014000   00001000  00000000  00001000  RWIX
  RAMGS9                00015000   00001000  00000000  00001000  RWIX
  RAMGS10               00016000   00001000  00000000  00001000  RWIX
  RAMGS11               00017000   00001000  00000000  00001000  RWIX
  RAMGS12               00018000   00001000  00000000  00001000  RWIX
  RAMGS13               00019000   00001000  00000000  00001000  RWIX
  RAMGS14               0001a000   00001000  00000000  00001000  RWIX
  RAMGS15               0001b000   00001000  00000000  00001000  RWIX
  CPU2TOCPU1RAM         0003f800   00000400  00000000  00000400  RWIX
  CPU1TOCPU2RAM         0003fc00   00000400  00000000  00000400  RWIX
  CANA_MSG_RAM          00049000   00000800  00000000  00000800  RWIX
  CANB_MSG_RAM          0004b000   00000800  00000000  00000800  RWIX


SECTION ALLOCATION MAP

 output                                  attributes/
section   page    origin      length       input sections
--------  ----  ----------  ----------   ----------------
.cinit     0    00000122    00000020     
                  00000122    0000000e     rts2800_fpu32.lib : exit.obj (.cinit)
                  00000130    00000006     TMP006.obj (.cinit)
                  00000136    00000005     rts2800_fpu32.lib : _lock.obj (.cinit:__lock)
                  0000013b    00000005                       : _lock.obj (.cinit:__unlock)
                  00000140    00000002     --HOLE-- [fill = 0]

.pinit     0    00000122    00000000     UNINITIALIZED

.reset     0    003fffc0    00000002     DSECT
                  003fffc0    00000002     rts2800_fpu32.lib : boot28.obj (.reset)

.TI.ramfunc 
*          0    00000142    00000004     
                  00000142    00000004     driverlib.lib : sysctl.obj (.TI.ramfunc)

.text.1    0    00000146    000002ba     
                  00000146    00000200     TMP006.obj (.text)
                  00000346    000000ba     driverlib.lib : sysctl.obj (.text:_SysCtl_setClock)

.text.2    0    00008000    00000019     
                  00008000    00000009     driverlib.lib : sysctl.obj (.text:_SysCtl_serviceWatchdog)
                  00008009    00000009     rts2800_fpu32.lib : _lock.obj (.text)
                  00008012    00000002     driverlib.lib : interrupt.obj (.text:_Interrupt_illegalOperationHandler)
                  00008014    00000002                   : interrupt.obj (.text:_Interrupt_nmiHandler)
                  00008016    00000002     rts2800_fpu32.lib : pre_init.obj (.text)
                  00008018    00000001                       : startup.obj (.text)

.text.3    0    0000b000    00000800     
                  0000b000    000001d8     device.obj (.text)
                  0000b1d8    0000017a     main.obj (.text)
                  0000b352    0000006e     driverlib.lib : sysctl.obj (.text:_SysCtl_getClock)
                  0000b3c0    00000068                   : i2c.obj (.text:_I2C_initMaster)
                  0000b428    00000056     rts2800_fpu32.lib : boot28.obj (.text)
                  0000b47e    00000054     driverlib.lib : interrupt.obj (.text:_Interrupt_initModule)
                  0000b4d2    00000052                   : gpio.obj (.text:_GPIO_setPadConfig)
                  0000b524    0000004d                   : sysctl.obj (.text:_SysCtl_selectOscSource)
                  0000b571    0000003d                   : gpio.obj (.text:_GPIO_setPinConfig)
                  0000b5ae    00000038     main.obj (.text:retain)
                  0000b5e6    00000036     driverlib.lib : gpio.obj (.text:_GPIO_setQualificationMode)
                  0000b61c    00000034                   : gpio.obj (.text:_GPIO_setInterruptPin)
                  0000b650    00000033                   : interrupt.obj (.text:_Interrupt_enable)
                  0000b683    00000031                   : gpio.obj (.text:_GPIO_setDirectionMode)
                  0000b6b4    00000029     rts2800_fpu32.lib : exit.obj (.text)
                  0000b6dd    00000024                       : cpy_tbl.obj (.text)
                  0000b701    00000021     driverlib.lib : i2c.obj (.text:_I2C_clearInterruptStatus)
                  0000b722    00000020                   : interrupt.obj (.text:_Interrupt_initVectorTable)
                  0000b742    0000001e     rts2800_fpu32.lib : memcpy.obj (.text)
                  0000b760    0000001a     driverlib.lib : sysctl.obj (.text:_SysCtl_getLowSpeedClock)
                  0000b77a    00000019     rts2800_fpu32.lib : args_main.obj (.text)
                  0000b793    00000017     driverlib.lib : gpio.obj (.text:_XBAR_setInputPin)
                  0000b7aa    00000015                   : i2c.obj (.text:_I2C_isBaseValid)
                  0000b7bf    0000000e                   : gpio.obj (.text:_GPIO_isPinValid)
                  0000b7cd    0000000e                   : interrupt.obj (.text:_Interrupt_defaultHandler)
                  0000b7db    0000000d                   : interrupt.obj (.text:_Interrupt_disableMaster)
                  0000b7e8    0000000d                   : interrupt.obj (.text:_Interrupt_enableMaster)
                  0000b7f5    0000000b                   : sysctl.obj (.text:_SysCtl_isMCDClockFailureDetected)

.stack     1    00000400    00000100     UNINITIALIZED
                  00000400    00000100     --HOLE--

.econst    1    0000a800    000002bf     
                  0000a800    000000c8     driverlib.lib : gpio.obj (.econst:.string)
                  0000a8c8    00000069                   : interrupt.obj (.econst:.string)
                  0000a931    00000001     --HOLE-- [fill = 0]
                  0000a932    00000066                   : sysctl.obj (.econst:.string)
                  0000a998    00000063                   : i2c.obj (.econst:.string)
                  0000a9fb    00000001     --HOLE-- [fill = 0]
                  0000a9fc    00000057     TMP006.obj (.econst:.string)
                  0000aa53    00000001     --HOLE-- [fill = 0]
                  0000aa54    00000057     main.obj (.econst:.string)
                  0000aaab    00000001     --HOLE-- [fill = 0]
                  0000aaac    00000013     device.obj (.econst:.string)

.ebss      1    0000aac0    00000012     UNINITIALIZED
                  0000aac0    00000006     rts2800_fpu32.lib : exit.obj (.ebss)
                  0000aac6    00000004     main.obj (.ebss)
                  0000aaca    00000003     TMP006.obj (.ebss)
                  0000aacd    00000001     --HOLE--
                  0000aace    00000002     rts2800_fpu32.lib : _lock.obj (.ebss:__lock)
                  0000aad0    00000002                       : _lock.obj (.ebss:__unlock)

GETBUFFER 
*          0    0003f800    00000000     DSECT

GETWRITEIDX 
*          0    0003f800    00000000     DSECT

PUTREADIDX 
*          0    0003f800    00000000     DSECT

MODULE SUMMARY

       Module          code   initialized data   uninitialized data
       ------          ----   ----------------   ------------------
    .\
       TMP006.obj      512    93                 3                 
       main.obj        434    87                 4                 
    +--+---------------+------+------------------+--------------------+
       Total:          946    180                7                 
                                                                   
    .\device\
       device.obj      472    19                 0                 
    +--+---------------+------+------------------+--------------------+
       Total:          472    19                 0                 
                                                                   
    ../driverlib.lib
       gpio.obj        335    200                0                 
       sysctl.obj      423    102                0                 
       interrupt.obj   211    105                0                 
       i2c.obj         158    99                 0                 
    +--+---------------+------+------------------+--------------------+
       Total:          1127   506                0                 
                                                                   
    D:\Christian\Programme\ti\ccsv7\tools\compiler\ti-cgt-c2000_16.9.1.LTS\lib\rts2800_fpu32.lib
       boot28.obj      86     0                  0                 
       exit.obj        41     14                 6                 
       cpy_tbl.obj     36     0                  0                 
       memcpy.obj      30     0                  0                 
       args_main.obj   25     0                  0                 
       _lock.obj       9      10                 4                 
       pre_init.obj    2      0                  0                 
       startup.obj     1      0                  0                 
    +--+---------------+------+------------------+--------------------+
       Total:          230    24                 10                
                                                                   
       Stack:          0      0                  256               
    +--+---------------+------+------------------+--------------------+
       Grand Total:    2775   729                273               


GLOBAL DATA SYMBOLS: SORTED BY DATA PAGE

address     data page           name
--------    ----------------    ----
00000400      10 (00000400)     __stack

0000aac0     2ab (0000aac0)     ___TI_enable_exit_profile_output
0000aac2     2ab (0000aac0)     ___TI_cleanup_ptr
0000aac4     2ab (0000aac0)     ___TI_dtors_ptr
0000aac6     2ab (0000aac0)     _ui16Ready2Read
0000aac7     2ab (0000aac0)     _ui16IntCounter
0000aac8     2ab (0000aac0)     _fTemperature
0000aaca     2ab (0000aac0)     _g_Tmp006TxArray
0000aace     2ab (0000aac0)     __lock
0000aad0     2ab (0000aac0)     __unlock


GLOBAL SYMBOLS: SORTED ALPHABETICALLY BY Name 

page  address   name                                      
----  -------   ----                                      
abs   ffffffff  .text                                     
0     0000b6b4  C$$EXIT                                   
0     0000b071  _Device_enableAllPeripherals              
0     0000b1bb  _Device_enableUnbondedGPIOPullups         
0     0000b198  _Device_enableUnbondedGPIOPullupsFor100Pin
0     0000b181  _Device_enableUnbondedGPIOPullupsFor176Pin
0     0000b042  _Device_init                              
0     0000b160  _Device_initGPIO                          
0     0000b683  _GPIO_setDirectionMode                    
0     0000b61c  _GPIO_setInterruptPin                     
0     0000b4d2  _GPIO_setPadConfig                        
0     0000b571  _GPIO_setPinConfig                        
0     0000b5e6  _GPIO_setQualificationMode                
0     0000b701  _I2C_clearInterruptStatus                 
0     0000b3c0  _I2C_initMaster                           
0     0000b650  _Interrupt_enable                         
0     0000b47e  _Interrupt_initModule                     
0     0000b722  _Interrupt_initVectorTable                
0     00000142  _SysCtl_delay                             
0     0000b352  _SysCtl_getClock                          
0     0000b760  _SysCtl_getLowSpeedClock                  
0     0000b524  _SysCtl_selectOscSource                   
0     00000346  _SysCtl_setClock                          
1     00000500  __STACK_END                               
abs   00000100  __STACK_SIZE                              
1     0000aac2  ___TI_cleanup_ptr                         
1     0000aac4  ___TI_dtors_ptr                           
1     0000aac0  ___TI_enable_exit_profile_output          
abs   ffffffff  ___TI_pprof_out_hndl                      
abs   ffffffff  ___TI_prof_data_size                      
abs   ffffffff  ___TI_prof_data_start                     
abs   ffffffff  ___binit__                                
abs   ffffffff  ___c_args__                               
0     00000122  ___cinit__                                
0     0000b1d1  ___error__                                
abs   ffffffff  ___etext__                                
abs   ffffffff  ___pinit__                                
abs   ffffffff  ___text__                                 
0     0000b77a  __args_main                               
1     0000aace  __lock                                    
0     00008011  __nop                                     
0     0000800d  __register_lock                           
0     00008009  __register_unlock                         
1     00000400  __stack                                   
0     00008018  __system_post_cinit                       
0     00008016  __system_pre_init                         
1     0000aad0  __unlock                                  
0     0000b6b4  _abort                                    
0     0000b428  _c_int00                                  
0     0000b6dd  _copy_in                                  
0     0000b6b6  _exit                                     
1     0000aac8  _fTemperature                             
1     0000aaca  _g_Tmp006TxArray                          
0     0000b2db  _gpiosInit                                
0     0000b317  _i2caInit                                 
0     0000b2af  _main                                     
0     0000b742  _memcpy                                   
0     0000b2bf  _systemInit                               
0     0000b5ae  _tmp006ISR                                
0     00000240  _tmp006Init                               
0     00000308  _tmp006SoftwareReset                      
0     00000241  _tmp006StartConversion                    
0     00000280  _tmp006Temperature                        
1     0000aac7  _ui16IntCounter                           
1     0000aac6  _ui16Ready2Read                           
abs   ffffffff  binit                                     
0     00000122  cinit                                     
abs   ffffffff  etext                                     
abs   ffffffff  pinit                                     


GLOBAL SYMBOLS: SORTED BY Symbol Address 

page  address   name                                      
----  -------   ----                                      
0     00000122  ___cinit__                                
0     00000122  cinit                                     
0     00000142  _SysCtl_delay                             
0     00000240  _tmp006Init                               
0     00000241  _tmp006StartConversion                    
0     00000280  _tmp006Temperature                        
0     00000308  _tmp006SoftwareReset                      
0     00000346  _SysCtl_setClock                          
0     00008009  __register_unlock                         
0     0000800d  __register_lock                           
0     00008011  __nop                                     
0     00008016  __system_pre_init                         
0     00008018  __system_post_cinit                       
0     0000b042  _Device_init                              
0     0000b071  _Device_enableAllPeripherals              
0     0000b160  _Device_initGPIO                          
0     0000b181  _Device_enableUnbondedGPIOPullupsFor176Pin
0     0000b198  _Device_enableUnbondedGPIOPullupsFor100Pin
0     0000b1bb  _Device_enableUnbondedGPIOPullups         
0     0000b1d1  ___error__                                
0     0000b2af  _main                                     
0     0000b2bf  _systemInit                               
0     0000b2db  _gpiosInit                                
0     0000b317  _i2caInit                                 
0     0000b352  _SysCtl_getClock                          
0     0000b3c0  _I2C_initMaster                           
0     0000b428  _c_int00                                  
0     0000b47e  _Interrupt_initModule                     
0     0000b4d2  _GPIO_setPadConfig                        
0     0000b524  _SysCtl_selectOscSource                   
0     0000b571  _GPIO_setPinConfig                        
0     0000b5ae  _tmp006ISR                                
0     0000b5e6  _GPIO_setQualificationMode                
0     0000b61c  _GPIO_setInterruptPin                     
0     0000b650  _Interrupt_enable                         
0     0000b683  _GPIO_setDirectionMode                    
0     0000b6b4  C$$EXIT                                   
0     0000b6b4  _abort                                    
0     0000b6b6  _exit                                     
0     0000b6dd  _copy_in                                  
0     0000b701  _I2C_clearInterruptStatus                 
0     0000b722  _Interrupt_initVectorTable                
0     0000b742  _memcpy                                   
0     0000b760  _SysCtl_getLowSpeedClock                  
0     0000b77a  __args_main                               
1     00000400  __stack                                   
1     00000500  __STACK_END                               
1     0000aac0  ___TI_enable_exit_profile_output          
1     0000aac2  ___TI_cleanup_ptr                         
1     0000aac4  ___TI_dtors_ptr                           
1     0000aac6  _ui16Ready2Read                           
1     0000aac7  _ui16IntCounter                           
1     0000aac8  _fTemperature                             
1     0000aaca  _g_Tmp006TxArray                          
1     0000aace  __lock                                    
1     0000aad0  __unlock                                  
abs   00000100  __STACK_SIZE                              
abs   ffffffff  .text                                     
abs   ffffffff  ___TI_pprof_out_hndl                      
abs   ffffffff  ___TI_prof_data_size                      
abs   ffffffff  ___TI_prof_data_start                     
abs   ffffffff  ___binit__                                
abs   ffffffff  ___c_args__                               
abs   ffffffff  ___etext__                                
abs   ffffffff  ___pinit__                                
abs   ffffffff  ___text__                                 
abs   ffffffff  binit                                     
abs   ffffffff  etext                                     
abs   ffffffff  pinit                                     

[69 symbols]
