******************************************************************************
                  TI ARM Linker PC v5.2.8                      
******************************************************************************
>> Linked Fri Dec 23 09:00:56 2016

OUTPUT FILE NAME:   <UART_Protocol.out>
ENTRY POINT SYMBOL: "_c_int00"  address: 00001111


MEMORY CONFIGURATION

         name            origin    length      used     unused   attr    fill
----------------------  --------  ---------  --------  --------  ----  --------
  FLASH                 00000000   00040000  00001414  0003ebec  R  X
  SRAM                  20000000   00008000  000003b4  00007c4c  RW X


SEGMENT ALLOCATION MAP

run origin  load origin   length   init length attrs members
----------  ----------- ---------- ----------- ----- -------
00000000    00000000    00001418   00001418    r-x
  00000000    00000000    0000026c   0000026c    r-- .intvecs
  0000026c    0000026c    00001060   00001060    r-x .text
  000012cc    000012cc    00000010   00000010    r-- .const
  000012e0    000012e0    00000138   00000138    r-- .cinit
20000000    20000000    000003b4   00000000    rw-
  20000000    20000000    00000200   00000000    rw- .stack
  20000200    20000200    00000130   00000000    rw- .data
  20000330    20000330    00000084   00000000    rw- .bss


SECTION ALLOCATION MAP

 output                                  attributes/
section   page    origin      length       input sections
--------  ----  ----------  ----------   ----------------
.intvecs   0    00000000    0000026c     
                  00000000    0000026c     tm4c123gh6pm_startup_ccs.obj (.intvecs)

.text      0    0000026c    00001060     
                  0000026c    000004f8     UART0.obj (.text)
                  00000764    000004b0     PROTOCOL.obj (.text)
                  00000c14    000001b6     rtsv7M4_T_le_v4SPD16_eabi.lib : fd_add_t2.obj (.text)
                  00000dca    00000002     --HOLE-- [fill = 0]
                  00000dcc    000000e0     main.obj (.text)
                  00000eac    0000009c     rtsv7M4_T_le_v4SPD16_eabi.lib : memcpy_t2.obj (.text)
                  00000f48    0000007a                                   : memset_t2.obj (.text)
                  00000fc2    00000002     --HOLE-- [fill = 0]
                  00000fc4    00000074     PLL.obj (.text)
                  00001038    0000006c     rtsv7M4_T_le_v4SPD16_eabi.lib : autoinit.obj (.text)
                  000010a4    0000006a                                   : copy_decompress_rle.obj (.text)
                  0000110e    00000002     --HOLE-- [fill = 0]
                  00001110    00000050                                   : boot.obj (.text)
                  00001160    0000004c                                   : cpy_tbl.obj (.text)
                  000011ac    00000048                                   : fd_toi_t2.obj (.text)
                  000011f4    00000044                                   : exit.obj (.text)
                  00001238    00000038                                   : fs_tod_t2.obj (.text)
                  00001270    00000018                                   : args_main.obj (.text)
                  00001288    00000014                                   : _lock.obj (.text)
                  0000129c    0000000e                                   : copy_decompress_none.obj (.text:decompress:none)
                  000012aa    0000000c                                   : copy_zero_init.obj (.text:decompress:ZI)
                  000012b6    0000000c     tm4c123gh6pm_startup_ccs.obj (.text)
                  000012c2    00000006     rtsv7M4_T_le_v4SPD16_eabi.lib : copy_decompress_rle.obj (.text:decompress:rle24)
                  000012c8    00000004                                   : pre_init.obj (.text)

.const     0    000012cc    00000010     
                  000012cc    00000010     main.obj (.const)

.cinit     0    000012e0    00000138     
                  000012e0    00000113     (.cinit..data.load) [load image, compression = rle]
                  000013f3    00000001     --HOLE-- [fill = 0]
                  000013f4    0000000c     (__TI_handler_table)
                  00001400    00000008     (.cinit..bss.load) [load image, compression = zero_init]
                  00001408    00000010     (__TI_cinit_table)

.init_array 
*          0    00000000    00000000     UNINITIALIZED

.stack     0    20000000    00000200     UNINITIALIZED
                  20000000    00000200     --HOLE--

.data      0    20000200    00000130     UNINITIALIZED
                  20000200    00000100     PROTOCOL.obj (.data:ui8CRC8Table)
                  20000300    0000001b     PROTOCOL.obj (.data)
                  2000031b    00000001     --HOLE--
                  2000031c    00000008     rtsv7M4_T_le_v4SPD16_eabi.lib : _lock.obj (.data)
                  20000324    00000008                                   : exit.obj (.data)
                  2000032c    00000004                                   : stkdepth_vars.obj (.data)

.bss       0    20000330    00000084     UNINITIALIZED
                  20000330    00000040     UART0.obj (.bss:UART0_RxBuffer)
                  20000370    00000040     UART0.obj (.bss:UART0_TxBuffer)
                  200003b0    00000001     (.common:UART0_RxGet)
                  200003b1    00000001     (.common:UART0_RxPut)
                  200003b2    00000001     (.common:UART0_TxGet)
                  200003b3    00000001     (.common:UART0_TxPut)

.TI.persistent 
*          0    20000200    00000000     UNINITIALIZED

.TI.noinit 
*          0    20000330    00000000     UNINITIALIZED


LINKER GENERATED COPY TABLES

__TI_cinit_table @ 00001408 records: 2, size/record: 8, table size: 16
	.data: load addr=000012e0, load size=00000113 bytes, run addr=20000200, run size=00000130 bytes, compression=rle
	.bss: load addr=00001400, load size=00000008 bytes, run addr=20000330, run size=00000084 bytes, compression=zero_init


LINKER GENERATED HANDLER TABLE

__TI_handler_table @ 000013f4 records: 3, size/record: 4, table size: 12
	index: 0, handler: __TI_decompress_rle24
	index: 1, handler: __TI_decompress_none
	index: 2, handler: __TI_zero_init


GLOBAL SYMBOLS: SORTED ALPHABETICALLY BY Name 

address   name                    
-------   ----                    
000011f5  C$$EXIT                 
0000090f  GrabFromBuffer          
00000765  MCSP_Decode             
00000871  MCSP_Encode             
20000308  MeasValues              
20000300  MotorCtr                
00000fc5  PLL_Init                
00000a11  ReceiveMsg_MotorCtr     
000012b7  ResetISR                
UNDEFED   SHT$$INIT_ARRAY$$Base   
UNDEFED   SHT$$INIT_ARRAY$$Limit  
00000b39  SendMsg_MeasVal         
00000aad  SendMsg_MotorCtr        
0000099b  ShiftInBuffer           
00000545  UART0_CopyHW2SW         
00000569  UART0_CopySW2HW         
000005b1  UART0_Handler           
00000367  UART0_InChar            
00000379  UART0_InCharNonBlocking 
00000455  UART0_InDec             
000003b9  UART0_InString          
0000026d  UART0_Init              
00000357  UART0_OutCRLF           
0000038d  UART0_OutChar           
000004d9  UART0_OutDec            
00000509  UART0_OutHex            
00000437  UART0_OutString         
200003b0  UART0_RxGet             
200003b1  UART0_RxPut             
00000609  UART0_Rxfifo_Init       
00000665  UART0_Rxfifo_get        
00000625  UART0_Rxfifo_put        
0000069b  UART0_Rxfifo_size       
200003b2  UART0_TxGet             
200003b3  UART0_TxPut             
000006a9  UART0_Txfifo_Init       
000006f5  UART0_Txfifo_get        
000006b5  UART0_Txfifo_put        
0000072b  UART0_Txfifo_size       
20000200  __STACK_END             
00000200  __STACK_SIZE            
20000200  __STACK_TOP             
00001408  __TI_CINIT_Base         
00001418  __TI_CINIT_Limit        
000013f4  __TI_Handler_Table_Base 
00001400  __TI_Handler_Table_Limit
00001039  __TI_auto_init          
20000324  __TI_cleanup_ptr        
0000129d  __TI_decompress_none    
000012c3  __TI_decompress_rle24   
20000328  __TI_dtors_ptr          
00000000  __TI_static_base__      
000012ab  __TI_zero_init          
000011ad  __aeabi_d2iz            
00000c1f  __aeabi_dadd            
00000c15  __aeabi_dsub            
00001239  __aeabi_f2d             
00000f49  __aeabi_memclr          
00000f49  __aeabi_memclr4         
00000f49  __aeabi_memclr8         
00000ead  __aeabi_memcpy          
00000ead  __aeabi_memcpy4         
00000ead  __aeabi_memcpy8         
00000f4b  __aeabi_memset          
00000f4b  __aeabi_memset4         
00000f4b  __aeabi_memset8         
ffffffff  __binit__               
ffffffff  __c_args__              
20000000  __stack                 
00001271  _args_main              
00001111  _c_int00                
2000031c  _lock                   
00001297  _nop                    
0000128f  _register_lock          
00001289  _register_unlock        
000012c9  _system_pre_init        
20000320  _unlock                 
000011f9  abort                   
ffffffff  binit                   
00001161  copy_in                 
00001201  exit                    
00000000  g_pfnVectors            
00000dcd  main                    
2000032c  main_func_sp            
00000ead  memcpy                  
00000f51  memset                  
20000200  ui8CRC8Table            


GLOBAL SYMBOLS: SORTED BY Symbol Address 

address   name                    
-------   ----                    
00000000  __TI_static_base__      
00000000  g_pfnVectors            
00000200  __STACK_SIZE            
0000026d  UART0_Init              
00000357  UART0_OutCRLF           
00000367  UART0_InChar            
00000379  UART0_InCharNonBlocking 
0000038d  UART0_OutChar           
000003b9  UART0_InString          
00000437  UART0_OutString         
00000455  UART0_InDec             
000004d9  UART0_OutDec            
00000509  UART0_OutHex            
00000545  UART0_CopyHW2SW         
00000569  UART0_CopySW2HW         
000005b1  UART0_Handler           
00000609  UART0_Rxfifo_Init       
00000625  UART0_Rxfifo_put        
00000665  UART0_Rxfifo_get        
0000069b  UART0_Rxfifo_size       
000006a9  UART0_Txfifo_Init       
000006b5  UART0_Txfifo_put        
000006f5  UART0_Txfifo_get        
0000072b  UART0_Txfifo_size       
00000765  MCSP_Decode             
00000871  MCSP_Encode             
0000090f  GrabFromBuffer          
0000099b  ShiftInBuffer           
00000a11  ReceiveMsg_MotorCtr     
00000aad  SendMsg_MotorCtr        
00000b39  SendMsg_MeasVal         
00000c15  __aeabi_dsub            
00000c1f  __aeabi_dadd            
00000dcd  main                    
00000ead  __aeabi_memcpy          
00000ead  __aeabi_memcpy4         
00000ead  __aeabi_memcpy8         
00000ead  memcpy                  
00000f49  __aeabi_memclr          
00000f49  __aeabi_memclr4         
00000f49  __aeabi_memclr8         
00000f4b  __aeabi_memset          
00000f4b  __aeabi_memset4         
00000f4b  __aeabi_memset8         
00000f51  memset                  
00000fc5  PLL_Init                
00001039  __TI_auto_init          
00001111  _c_int00                
00001161  copy_in                 
000011ad  __aeabi_d2iz            
000011f5  C$$EXIT                 
000011f9  abort                   
00001201  exit                    
00001239  __aeabi_f2d             
00001271  _args_main              
00001289  _register_unlock        
0000128f  _register_lock          
00001297  _nop                    
0000129d  __TI_decompress_none    
000012ab  __TI_zero_init          
000012b7  ResetISR                
000012c3  __TI_decompress_rle24   
000012c9  _system_pre_init        
000013f4  __TI_Handler_Table_Base 
00001400  __TI_Handler_Table_Limit
00001408  __TI_CINIT_Base         
00001418  __TI_CINIT_Limit        
20000000  __stack                 
20000200  __STACK_END             
20000200  __STACK_TOP             
20000200  ui8CRC8Table            
20000300  MotorCtr                
20000308  MeasValues              
2000031c  _lock                   
20000320  _unlock                 
20000324  __TI_cleanup_ptr        
20000328  __TI_dtors_ptr          
2000032c  main_func_sp            
200003b0  UART0_RxGet             
200003b1  UART0_RxPut             
200003b2  UART0_TxGet             
200003b3  UART0_TxPut             
ffffffff  __binit__               
ffffffff  __c_args__              
ffffffff  binit                   
UNDEFED   SHT$$INIT_ARRAY$$Base   
UNDEFED   SHT$$INIT_ARRAY$$Limit  

[87 symbols]
